Component: Arm Compiler for Embedded 6.18 Tool: armlink [5e4cc100]

==============================================================================

Section Cross References

    startup_stm32l476xx.o(STACK) refers (Special) to heapauxi.o(.text) for __use_two_region_memory
    startup_stm32l476xx.o(HEAP) refers (Special) to heapauxi.o(.text) for __use_two_region_memory
    startup_stm32l476xx.o(RESET) refers (Special) to heapauxi.o(.text) for __use_two_region_memory
    startup_stm32l476xx.o(RESET) refers to startup_stm32l476xx.o(STACK) for __initial_sp
    startup_stm32l476xx.o(RESET) refers to startup_stm32l476xx.o(.text) for Reset_Handler
    startup_stm32l476xx.o(RESET) refers to stm32l4xx_it.o(.text.NMI_Handler) for NMI_Handler
    startup_stm32l476xx.o(RESET) refers to stm32l4xx_it.o(.text.HardFault_Handler) for HardFault_Handler
    startup_stm32l476xx.o(RESET) refers to stm32l4xx_it.o(.text.MemManage_Handler) for MemManage_Handler
    startup_stm32l476xx.o(RESET) refers to stm32l4xx_it.o(.text.BusFault_Handler) for BusFault_Handler
    startup_stm32l476xx.o(RESET) refers to stm32l4xx_it.o(.text.UsageFault_Handler) for UsageFault_Handler
    startup_stm32l476xx.o(RESET) refers to stm32l4xx_it.o(.text.SVC_Handler) for SVC_Handler
    startup_stm32l476xx.o(RESET) refers to stm32l4xx_it.o(.text.DebugMon_Handler) for DebugMon_Handler
    startup_stm32l476xx.o(RESET) refers to stm32l4xx_it.o(.text.PendSV_Handler) for PendSV_Handler
    startup_stm32l476xx.o(RESET) refers to stm32l4xx_it.o(.text.SysTick_Handler) for SysTick_Handler
    startup_stm32l476xx.o(.text) refers (Special) to heapauxi.o(.text) for __use_two_region_memory
    startup_stm32l476xx.o(.text) refers to system_stm32l4xx.o(.text.SystemInit) for SystemInit
    startup_stm32l476xx.o(.text) refers to __main.o(!!!main) for __main
    startup_stm32l476xx.o(.text) refers to startup_stm32l476xx.o(HEAP) for Heap_Mem
    startup_stm32l476xx.o(.text) refers to startup_stm32l476xx.o(STACK) for Stack_Mem
    main.o(.text.detectAndSendColor) refers to strlen.o(.text) for strlen
    main.o(.text.detectAndSendColor) refers to main.o(.bss.huart4) for huart4
    main.o(.text.detectAndSendColor) refers to stm32l4xx_hal_uart.o(.text.HAL_UART_Transmit) for HAL_UART_Transmit
    main.o(.text.detectAndSendColor) refers to main.o(.rodata.str1.1) for .L.str
    main.o(.ARM.exidx.text.detectAndSendColor) refers to main.o(.text.detectAndSendColor) for [Anonymous Symbol]
    main.o(.text.main) refers to stm32l4xx_hal.o(.text.HAL_Init) for HAL_Init
    main.o(.text.main) refers to rt_memclr_w.o(.text) for __aeabi_memclr4
    main.o(.text.main) refers to stm32l4xx_hal_pwr_ex.o(.text.HAL_PWREx_ControlVoltageScaling) for HAL_PWREx_ControlVoltageScaling
    main.o(.text.main) refers to stm32l4xx_hal_rcc.o(.text.HAL_RCC_OscConfig) for HAL_RCC_OscConfig
    main.o(.text.main) refers to stm32l4xx_hal_rcc.o(.text.HAL_RCC_ClockConfig) for HAL_RCC_ClockConfig
    main.o(.text.main) refers to main.o(.bss.hi2c1) for hi2c1
    main.o(.text.main) refers to stm32l4xx_hal_i2c.o(.text.HAL_I2C_Init) for HAL_I2C_Init
    main.o(.text.main) refers to stm32l4xx_hal_i2c_ex.o(.text.HAL_I2CEx_ConfigAnalogFilter) for HAL_I2CEx_ConfigAnalogFilter
    main.o(.text.main) refers to stm32l4xx_hal_i2c_ex.o(.text.HAL_I2CEx_ConfigDigitalFilter) for HAL_I2CEx_ConfigDigitalFilter
    main.o(.text.main) refers to main.o(.bss.huart4) for huart4
    main.o(.text.main) refers to stm32l4xx_hal_uart.o(.text.HAL_UART_Init) for HAL_UART_Init
    main.o(.text.main) refers to main.o(.rodata.str1.1) for .L.str
    main.o(.text.main) refers to strlen.o(.text) for strlen
    main.o(.text.main) refers to stm32l4xx_hal_uart.o(.text.HAL_UART_Transmit) for HAL_UART_Transmit
    main.o(.text.main) refers to stm32l4xx_hal.o(.text.HAL_Delay) for HAL_Delay
    main.o(.ARM.exidx.text.main) refers to main.o(.text.main) for [Anonymous Symbol]
    main.o(.text.SystemClock_Config) refers to rt_memclr_w.o(.text) for __aeabi_memclr4
    main.o(.text.SystemClock_Config) refers to stm32l4xx_hal_pwr_ex.o(.text.HAL_PWREx_ControlVoltageScaling) for HAL_PWREx_ControlVoltageScaling
    main.o(.text.SystemClock_Config) refers to stm32l4xx_hal_rcc.o(.text.HAL_RCC_OscConfig) for HAL_RCC_OscConfig
    main.o(.text.SystemClock_Config) refers to stm32l4xx_hal_rcc.o(.text.HAL_RCC_ClockConfig) for HAL_RCC_ClockConfig
    main.o(.ARM.exidx.text.SystemClock_Config) refers to main.o(.text.SystemClock_Config) for [Anonymous Symbol]
    main.o(.ARM.exidx.text.Error_Handler) refers to main.o(.text.Error_Handler) for [Anonymous Symbol]
    stm32l4xx_it.o(.ARM.exidx.text.NMI_Handler) refers to stm32l4xx_it.o(.text.NMI_Handler) for [Anonymous Symbol]
    stm32l4xx_it.o(.ARM.exidx.text.HardFault_Handler) refers to stm32l4xx_it.o(.text.HardFault_Handler) for [Anonymous Symbol]
    stm32l4xx_it.o(.ARM.exidx.text.MemManage_Handler) refers to stm32l4xx_it.o(.text.MemManage_Handler) for [Anonymous Symbol]
[...]
    Removing stm32l4xx_hal_pwr.o(.text.HAL_PWR_EnablePVD), (18 bytes).
    Removing stm32l4xx_hal_pwr.o(.ARM.exidx.text.HAL_PWR_EnablePVD), (8 bytes).
    Removing stm32l4xx_hal_pwr.o(.text.HAL_PWR_DisablePVD), (18 bytes).
    Removing stm32l4xx_hal_pwr.o(.ARM.exidx.text.HAL_PWR_DisablePVD), (8 bytes).
    Removing stm32l4xx_hal_pwr.o(.text.HAL_PWR_EnableWakeUpPin), (30 bytes).
    Removing stm32l4xx_hal_pwr.o(.ARM.exidx.text.HAL_PWR_EnableWakeUpPin), (8 bytes).
    Removing stm32l4xx_hal_pwr.o(.text.HAL_PWR_DisableWakeUpPin), (24 bytes).
    Removing stm32l4xx_hal_pwr.o(.ARM.exidx.text.HAL_PWR_DisableWakeUpPin), (8 bytes).
    Removing stm32l4xx_hal_pwr.o(.text.HAL_PWR_EnterSLEEPMode), (76 bytes).
    Removing stm32l4xx_hal_pwr.o(.ARM.exidx.text.HAL_PWR_EnterSLEEPMode), (8 bytes).
    Removing stm32l4xx_hal_pwr.o(.text.HAL_PWR_EnterSTOPMode), (16 bytes).
    Removing stm32l4xx_hal_pwr.o(.ARM.exidx.text.HAL_PWR_EnterSTOPMode), (8 bytes).
    Removing stm32l4xx_hal_pwr.o(.text.HAL_PWR_EnterSTANDBYMode), (38 bytes).
    Removing stm32l4xx_hal_pwr.o(.ARM.exidx.text.HAL_PWR_EnterSTANDBYMode), (8 bytes).
    Removing stm32l4xx_hal_pwr.o(.text.HAL_PWR_EnableSleepOnExit), (18 bytes).
    Removing stm32l4xx_hal_pwr.o(.ARM.exidx.text.HAL_PWR_EnableSleepOnExit), (8 bytes).
    Removing stm32l4xx_hal_pwr.o(.text.HAL_PWR_DisableSleepOnExit), (18 bytes).
    Removing stm32l4xx_hal_pwr.o(.ARM.exidx.text.HAL_PWR_DisableSleepOnExit), (8 bytes).
    Removing stm32l4xx_hal_pwr.o(.text.HAL_PWR_EnableSEVOnPend), (18 bytes).
    Removing stm32l4xx_hal_pwr.o(.ARM.exidx.text.HAL_PWR_EnableSEVOnPend), (8 bytes).
    Removing stm32l4xx_hal_pwr.o(.text.HAL_PWR_DisableSEVOnPend), (18 bytes).
    Removing stm32l4xx_hal_pwr.o(.ARM.exidx.text.HAL_PWR_DisableSEVOnPend), (8 bytes).
    Removing stm32l4xx_hal_pwr.o(.text.HAL_PWR_PVDCallback), (2 bytes).
    Removing stm32l4xx_hal_pwr.o(.ARM.exidx.text.HAL_PWR_PVDCallback), (8 bytes).
    Removing stm32l4xx_hal_pwr_ex.o(.text), (0 bytes).
    Removing stm32l4xx_hal_pwr_ex.o(.ARM.exidx.text.HAL_PWREx_GetVoltageRange), (8 bytes).
    Removing stm32l4xx_hal_pwr_ex.o(.ARM.exidx.text.HAL_PWREx_ControlVoltageScaling), (8 bytes).
    Removing stm32l4xx_hal_pwr_ex.o(.text.HAL_PWREx_EnableBatteryCharging), (28 bytes).
    Removing stm32l4xx_hal_pwr_ex.o(.ARM.exidx.text.HAL_PWREx_EnableBatteryCharging), (8 bytes).
    Removing stm32l4xx_hal_pwr_ex.o(.text.HAL_PWREx_DisableBatteryCharging), (18 bytes).
    Removing stm32l4xx_hal_pwr_ex.o(.ARM.exidx.text.HAL_PWREx_DisableBatteryCharging), (8 bytes).
    Removing stm32l4xx_hal_pwr_ex.o(.text.HAL_PWREx_EnableVddUSB), (18 bytes).
    Removing stm32l4xx_hal_pwr_ex.o(.ARM.exidx.text.HAL_PWREx_EnableVddUSB), (8 bytes).
    Removing stm32l4xx_hal_pwr_ex.o(.text.HAL_PWREx_DisableVddUSB), (18 bytes).
    Removing stm32l4xx_hal_pwr_ex.o(.ARM.exidx.text.HAL_PWREx_DisableVddUSB), (8 bytes).
    Removing stm32l4xx_hal_pwr_ex.o(.text.HAL_PWREx_EnableVddIO2), (18 bytes).
    Removing stm32l4xx_hal_pwr_ex.o(.ARM.exidx.text.HAL_PWREx_EnableVddIO2), (8 bytes).
    Removing stm32l4xx_hal_pwr_ex.o(.text.HAL_PWREx_DisableVddIO2), (18 bytes).
    Removing stm32l4xx_hal_pwr_ex.o(.ARM.exidx.text.HAL_PWREx_DisableVddIO2), (8 bytes).
    Removing stm32l4xx_hal_pwr_ex.o(.text.HAL_PWREx_EnableInternalWakeUpLine), (18 bytes).
    Removing stm32l4xx_hal_pwr_ex.o(.ARM.exidx.text.HAL_PWREx_EnableInternalWakeUpLine), (8 bytes).
    Removing stm32l4xx_hal_pwr_ex.o(.text.HAL_PWREx_DisableInternalWakeUpLine), (18 bytes).
    Removing stm32l4xx_hal_pwr_ex.o(.ARM.exidx.text.HAL_PWREx_DisableInternalWakeUpLine), (8 bytes).
    Removing stm32l4xx_hal_pwr_ex.o(.text.HAL_PWREx_EnableGPIOPullUp), (204 bytes).
    Removing stm32l4xx_hal_pwr_ex.o(.ARM.exidx.text.HAL_PWREx_EnableGPIOPullUp), (8 bytes).
    Removing stm32l4xx_hal_pwr_ex.o(.text.HAL_PWREx_DisableGPIOPullUp), (194 bytes).
    Removing stm32l4xx_hal_pwr_ex.o(.ARM.exidx.text.HAL_PWREx_DisableGPIOPullUp), (8 bytes).
    Removing stm32l4xx_hal_pwr_ex.o(.text.HAL_PWREx_EnableGPIOPullDown), (258 bytes).
    Removing stm32l4xx_hal_pwr_ex.o(.ARM.exidx.text.HAL_PWREx_EnableGPIOPullDown), (8 bytes).
    Removing stm32l4xx_hal_pwr_ex.o(.text.HAL_PWREx_DisableGPIOPullDown), (102 bytes).
    Removing stm32l4xx_hal_pwr_ex.o(.ARM.exidx.text.HAL_PWREx_DisableGPIOPullDown), (8 bytes).
    Removing stm32l4xx_hal_pwr_ex.o(.text.HAL_PWREx_EnablePullUpPullDownConfig), (18 bytes).
    Removing stm32l4xx_hal_pwr_ex.o(.ARM.exidx.text.HAL_PWREx_EnablePullUpPullDownConfig), (8 bytes).
    Removing stm32l4xx_hal_pwr_ex.o(.text.HAL_PWREx_DisablePullUpPullDownConfig), (18 bytes).
    Removing stm32l4xx_hal_pwr_ex.o(.ARM.exidx.text.HAL_PWREx_DisablePullUpPullDownConfig), (8 bytes).
    Removing stm32l4xx_hal_pwr_ex.o(.text.HAL_PWREx_EnableSRAM2ContentRetention), (18 bytes).
    Removing stm32l4xx_hal_pwr_ex.o(.ARM.exidx.text.HAL_PWREx_EnableSRAM2ContentRetention), (8 bytes).
    Removing stm32l4xx_hal_pwr_ex.o(.text.HAL_PWREx_SetSRAM2ContentRetention), (48 bytes).
    Removing stm32l4xx_hal_pwr_ex.o(.ARM.exidx.text.HAL_PWREx_SetSRAM2ContentRetention), (8 bytes).
    Removing stm32l4xx_hal_pwr_ex.o(.text.HAL_PWREx_DisableSRAM2ContentRetention), (18 bytes).
    Removing stm32l4xx_hal_pwr_ex.o(.ARM.exidx.text.HAL_PWREx_DisableSRAM2ContentRetention), (8 bytes).
    Removing stm32l4xx_hal_pwr_ex.o(.text.HAL_PWREx_EnableExtSMPS_0V95), (18 bytes).
    Removing stm32l4xx_hal_pwr_ex.o(.ARM.exidx.text.HAL_PWREx_EnableExtSMPS_0V95), (8 bytes).
    Removing stm32l4xx_hal_pwr_ex.o(.text.HAL_PWREx_DisableExtSMPS_0V95), (18 bytes).
    Removing stm32l4xx_hal_pwr_ex.o(.ARM.exidx.text.HAL_PWREx_DisableExtSMPS_0V95), (8 bytes).
    Removing stm32l4xx_hal_pwr_ex.o(.text.HAL_PWREx_EnablePVM1), (18 bytes).
    Removing stm32l4xx_hal_pwr_ex.o(.ARM.exidx.text.HAL_PWREx_EnablePVM1), (8 bytes).
    Removing stm32l4xx_hal_pwr_ex.o(.text.HAL_PWREx_DisablePVM1), (18 bytes).
    Removing stm32l4xx_hal_pwr_ex.o(.ARM.exidx.text.HAL_PWREx_DisablePVM1), (8 bytes).
    Removing stm32l4xx_hal_pwr_ex.o(.text.HAL_PWREx_EnablePVM2), (18 bytes).
    Removing stm32l4xx_hal_pwr_ex.o(.ARM.exidx.text.HAL_PWREx_EnablePVM2), (8 bytes).
    Removing stm32l4xx_hal_pwr_ex.o(.text.HAL_PWREx_DisablePVM2), (18 bytes).
    Removing stm32l4xx_hal_pwr_ex.o(.ARM.exidx.text.HAL_PWREx_DisablePVM2), (8 bytes).
    Removing stm32l4xx_hal_pwr_ex.o(.text.HAL_PWREx_EnablePVM3), (18 bytes).
    Removing stm32l4xx_hal_pwr_ex.o(.ARM.exidx.text.HAL_PWREx_EnablePVM3), (8 bytes).
    Removing stm32l4xx_hal_pwr_ex.o(.text.HAL_PWREx_DisablePVM3), (18 bytes).
    Removing stm32l4xx_hal_pwr_ex.o(.ARM.exidx.text.HAL_PWREx_DisablePVM3), (8 bytes).
    Removing stm32l4xx_hal_pwr_ex.o(.text.HAL_PWREx_EnablePVM4), (18 bytes).
    Removing stm32l4xx_hal_pwr_ex.o(.ARM.exidx.text.HAL_PWREx_EnablePVM4), (8 bytes).
    Removing stm32l4xx_hal_pwr_ex.o(.text.HAL_PWREx_DisablePVM4), (18 bytes).
    Removing stm32l4xx_hal_pwr_ex.o(.ARM.exidx.text.HAL_PWREx_DisablePVM4), (8 bytes).
    Removing stm32l4xx_hal_pwr_ex.o(.text.HAL_PWREx_ConfigPVM), (562 bytes).
    Removing stm32l4xx_hal_pwr_ex.o(.ARM.exidx.text.HAL_PWREx_ConfigPVM), (8 bytes).
    Removing stm32l4xx_hal_pwr_ex.o(.text.HAL_PWREx_EnableLowPowerRunMode), (18 bytes).
    Removing stm32l4xx_hal_pwr_ex.o(.ARM.exidx.text.HAL_PWREx_EnableLowPowerRunMode), (8 bytes).
    Removing stm32l4xx_hal_pwr_ex.o(.text.HAL_PWREx_DisableLowPowerRunMode), (102 bytes).
    Removing stm32l4xx_hal_pwr_ex.o(.ARM.exidx.text.HAL_PWREx_DisableLowPowerRunMode), (8 bytes).
    Removing stm32l4xx_hal_pwr_ex.o(.text.HAL_PWREx_EnterSTOP0Mode), (54 bytes).
    Removing stm32l4xx_hal_pwr_ex.o(.ARM.exidx.text.HAL_PWREx_EnterSTOP0Mode), (8 bytes).
    Removing stm32l4xx_hal_pwr_ex.o(.text.HAL_PWREx_EnterSTOP1Mode), (60 bytes).
    Removing stm32l4xx_hal_pwr_ex.o(.ARM.exidx.text.HAL_PWREx_EnterSTOP1Mode), (8 bytes).
    Removing stm32l4xx_hal_pwr_ex.o(.text.HAL_PWREx_EnterSTOP2Mode), (60 bytes).
    Removing stm32l4xx_hal_pwr_ex.o(.ARM.exidx.text.HAL_PWREx_EnterSTOP2Mode), (8 bytes).
    Removing stm32l4xx_hal_pwr_ex.o(.text.HAL_PWREx_EnterSHUTDOWNMode), (38 bytes).
    Removing stm32l4xx_hal_pwr_ex.o(.ARM.exidx.text.HAL_PWREx_EnterSHUTDOWNMode), (8 bytes).
    Removing stm32l4xx_hal_pwr_ex.o(.text.HAL_PWREx_PVD_PVM_IRQHandler), (112 bytes).
    Removing stm32l4xx_hal_pwr_ex.o(.ARM.exidx.text.HAL_PWREx_PVD_PVM_IRQHandler), (8 bytes).
    Removing stm32l4xx_hal_pwr_ex.o(.text.HAL_PWREx_PVM1Callback), (2 bytes).
    Removing stm32l4xx_hal_pwr_ex.o(.ARM.exidx.text.HAL_PWREx_PVM1Callback), (8 bytes).
    Removing stm32l4xx_hal_pwr_ex.o(.text.HAL_PWREx_PVM2Callback), (2 bytes).
    Removing stm32l4xx_hal_pwr_ex.o(.ARM.exidx.text.HAL_PWREx_PVM2Callback), (8 bytes).
    Removing stm32l4xx_hal_pwr_ex.o(.text.HAL_PWREx_PVM3Callback), (2 bytes).
    Removing stm32l4xx_hal_pwr_ex.o(.ARM.exidx.text.HAL_PWREx_PVM3Callback), (8 bytes).
    Removing stm32l4xx_hal_pwr_ex.o(.text.HAL_PWREx_PVM4Callback), (2 bytes).
    Removing stm32l4xx_hal_pwr_ex.o(.ARM.exidx.text.HAL_PWREx_PVM4Callback), (8 bytes).
    Removing stm32l4xx_hal_cortex.o(.text), (0 bytes).
    Removing stm32l4xx_hal_cortex.o(.ARM.exidx.text.HAL_NVIC_SetPriorityGrouping), (8 bytes).
    Removing stm32l4xx_hal_cortex.o(.ARM.exidx.text.HAL_NVIC_SetPriority), (8 bytes).
    Removing stm32l4xx_hal_cortex.o(.text.HAL_NVIC_EnableIRQ), (32 bytes).
    Removing stm32l4xx_hal_cortex.o(.ARM.exidx.text.HAL_NVIC_EnableIRQ), (8 bytes).
    Removing stm32l4xx_hal_cortex.o(.text.HAL_NVIC_DisableIRQ), (40 bytes).
    Removing stm32l4xx_hal_cortex.o(.ARM.exidx.text.HAL_NVIC_DisableIRQ), (8 bytes).
    Removing stm32l4xx_hal_cortex.o(.text.HAL_NVIC_SystemReset), (4 bytes).
    Removing stm32l4xx_hal_cortex.o(.ARM.exidx.text.HAL_NVIC_SystemReset), (8 bytes).
    Removing stm32l4xx_hal_cortex.o(.text.__NVIC_SystemReset), (42 bytes).
    Removing stm32l4xx_hal_cortex.o(.ARM.exidx.text.__NVIC_SystemReset), (8 bytes).
    Removing stm32l4xx_hal_cortex.o(.ARM.exidx.text.HAL_SYSTICK_Config), (8 bytes).
    Removing stm32l4xx_hal_cortex.o(.text.HAL_NVIC_GetPriorityGrouping), (16 bytes).
    Removing stm32l4xx_hal_cortex.o(.ARM.exidx.text.HAL_NVIC_GetPriorityGrouping), (8 bytes).
    Removing stm32l4xx_hal_cortex.o(.text.HAL_NVIC_GetPriority), (88 bytes).
    Removing stm32l4xx_hal_cortex.o(.ARM.exidx.text.HAL_NVIC_GetPriority), (8 bytes).
    Removing stm32l4xx_hal_cortex.o(.text.HAL_NVIC_SetPendingIRQ), (32 bytes).
    Removing stm32l4xx_hal_cortex.o(.ARM.exidx.text.HAL_NVIC_SetPendingIRQ), (8 bytes).
    Removing stm32l4xx_hal_cortex.o(.text.HAL_NVIC_GetPendingIRQ), (36 bytes).
    Removing stm32l4xx_hal_cortex.o(.ARM.exidx.text.HAL_NVIC_GetPendingIRQ), (8 bytes).
    Removing stm32l4xx_hal_cortex.o(.text.HAL_NVIC_ClearPendingIRQ), (32 bytes).
    Removing stm32l4xx_hal_cortex.o(.ARM.exidx.text.HAL_NVIC_ClearPendingIRQ), (8 bytes).
    Removing stm32l4xx_hal_cortex.o(.text.HAL_NVIC_GetActive), (36 bytes).
    Removing stm32l4xx_hal_cortex.o(.ARM.exidx.text.HAL_NVIC_GetActive), (8 bytes).
    Removing stm32l4xx_hal_cortex.o(.text.HAL_SYSTICK_CLKSourceConfig), (24 bytes).
    Removing stm32l4xx_hal_cortex.o(.ARM.exidx.text.HAL_SYSTICK_CLKSourceConfig), (8 bytes).
    Removing stm32l4xx_hal_cortex.o(.text.HAL_SYSTICK_IRQHandler), (4 bytes).
    Removing stm32l4xx_hal_cortex.o(.ARM.exidx.text.HAL_SYSTICK_IRQHandler), (8 bytes).
    Removing stm32l4xx_hal_cortex.o(.text.HAL_SYSTICK_Callback), (2 bytes).
    Removing stm32l4xx_hal_cortex.o(.ARM.exidx.text.HAL_SYSTICK_Callback), (8 bytes).
    Removing stm32l4xx_hal_cortex.o(.text.HAL_MPU_Enable), (24 bytes).
    Removing stm32l4xx_hal_cortex.o(.ARM.exidx.text.HAL_MPU_Enable), (8 bytes).
    Removing stm32l4xx_hal_cortex.o(.text.HAL_MPU_Disable), (18 bytes).
    Removing stm32l4xx_hal_cortex.o(.ARM.exidx.text.HAL_MPU_Disable), (8 bytes).
    Removing stm32l4xx_hal_cortex.o(.text.HAL_MPU_ConfigRegion), (96 bytes).
    Removing stm32l4xx_hal_cortex.o(.ARM.exidx.text.HAL_MPU_ConfigRegion), (8 bytes).
    Removing stm32l4xx_hal_exti.o(.text), (0 bytes).
    Removing stm32l4xx_hal_exti.o(.text.HAL_EXTI_SetConfigLine), (214 bytes).
    Removing stm32l4xx_hal_exti.o(.ARM.exidx.text.HAL_EXTI_SetConfigLine), (8 bytes).
    Removing stm32l4xx_hal_exti.o(.text.HAL_EXTI_GetConfigLine), (168 bytes).
    Removing stm32l4xx_hal_exti.o(.ARM.exidx.text.HAL_EXTI_GetConfigLine), (8 bytes).
    Removing stm32l4xx_hal_exti.o(.text.HAL_EXTI_ClearConfigLine), (148 bytes).
    Removing stm32l4xx_hal_exti.o(.ARM.exidx.text.HAL_EXTI_ClearConfigLine), (8 bytes).
    Removing stm32l4xx_hal_exti.o(.text.HAL_EXTI_RegisterCallback), (12 bytes).
    Removing stm32l4xx_hal_exti.o(.ARM.exidx.text.HAL_EXTI_RegisterCallback), (8 bytes).
    Removing stm32l4xx_hal_exti.o(.text.HAL_EXTI_GetHandle), (12 bytes).
    Removing stm32l4xx_hal_exti.o(.ARM.exidx.text.HAL_EXTI_GetHandle), (8 bytes).
    Removing stm32l4xx_hal_exti.o(.text.HAL_EXTI_IRQHandler), (58 bytes).
    Removing stm32l4xx_hal_exti.o(.ARM.exidx.text.HAL_EXTI_IRQHandler), (8 bytes).
    Removing stm32l4xx_hal_exti.o(.text.HAL_EXTI_GetPending), (32 bytes).
    Removing stm32l4xx_hal_exti.o(.ARM.exidx.text.HAL_EXTI_GetPending), (8 bytes).
    Removing stm32l4xx_hal_exti.o(.text.HAL_EXTI_ClearPending), (30 bytes).
    Removing stm32l4xx_hal_exti.o(.ARM.exidx.text.HAL_EXTI_ClearPending), (8 bytes).
    Removing stm32l4xx_hal_exti.o(.text.HAL_EXTI_GenerateSWI), (30 bytes).
    Removing stm32l4xx_hal_exti.o(.ARM.exidx.text.HAL_EXTI_GenerateSWI), (8 bytes).
    Removing stm32l4xx_hal_tim.o(.text), (0 bytes).
    Removing stm32l4xx_hal_tim_ex.o(.text), (0 bytes).
    Removing stm32l4xx_hal_uart.o(.text), (0 bytes).
    Removing stm32l4xx_hal_uart.o(.ARM.exidx.text.HAL_UART_Init), (8 bytes).
    Removing stm32l4xx_hal_uart.o(.text.HAL_UART_MspInit), (2 bytes).
    Removing stm32l4xx_hal_uart.o(.ARM.exidx.text.HAL_UART_MspInit), (8 bytes).
    Removing stm32l4xx_hal_uart.o(.ARM.exidx.text.UART_AdvFeatureConfig), (8 bytes).
    Removing stm32l4xx_hal_uart.o(.ARM.exidx.text.UART_SetConfig), (8 bytes).
    Removing stm32l4xx_hal_uart.o(.ARM.exidx.text.UART_CheckIdleState), (8 bytes).
    Removing stm32l4xx_hal_uart.o(.text.HAL_HalfDuplex_Init), (104 bytes).
    Removing stm32l4xx_hal_uart.o(.ARM.exidx.text.HAL_HalfDuplex_Init), (8 bytes).
    Removing stm32l4xx_hal_uart.o(.text.HAL_LIN_Init), (130 bytes).
    Removing stm32l4xx_hal_uart.o(.ARM.exidx.text.HAL_LIN_Init), (8 bytes).
    Removing stm32l4xx_hal_uart.o(.text.HAL_MultiProcessor_Init), (128 bytes).
    Removing stm32l4xx_hal_uart.o(.ARM.exidx.text.HAL_MultiProcessor_Init), (8 bytes).
    Removing stm32l4xx_hal_uart.o(.text.HAL_UART_DeInit), (60 bytes).
    Removing stm32l4xx_hal_uart.o(.ARM.exidx.text.HAL_UART_DeInit), (8 bytes).
    Removing stm32l4xx_hal_uart.o(.text.HAL_UART_MspDeInit), (2 bytes).
    Removing stm32l4xx_hal_uart.o(.ARM.exidx.text.HAL_UART_MspDeInit), (8 bytes).
    Removing stm32l4xx_hal_uart.o(.ARM.exidx.text.HAL_UART_Transmit), (8 bytes).
    Removing stm32l4xx_hal_uart.o(.ARM.exidx.text.UART_WaitOnFlagUntilTimeout), (8 bytes).
    Removing stm32l4xx_hal_uart.o(.text.HAL_UART_Receive), (242 bytes).
    Removing stm32l4xx_hal_uart.o(.ARM.exidx.text.HAL_UART_Receive), (8 bytes).
    Removing stm32l4xx_hal_uart.o(.text.HAL_UART_Transmit_IT), (168 bytes).
    Removing stm32l4xx_hal_uart.o(.ARM.exidx.text.HAL_UART_Transmit_IT), (8 bytes).
    Removing stm32l4xx_hal_uart.o(.text.UART_TxISR_16BIT), (200 bytes).
    Removing stm32l4xx_hal_uart.o(.ARM.exidx.text.UART_TxISR_16BIT), (8 bytes).
    Removing stm32l4xx_hal_uart.o(.text.UART_TxISR_8BIT), (196 bytes).
    Removing stm32l4xx_hal_uart.o(.ARM.exidx.text.UART_TxISR_8BIT), (8 bytes).
    Removing stm32l4xx_hal_uart.o(.text.HAL_UART_Receive_IT), (174 bytes).
    Removing stm32l4xx_hal_uart.o(.ARM.exidx.text.HAL_UART_Receive_IT), (8 bytes).
    Removing stm32l4xx_hal_uart.o(.text.UART_Start_Receive_IT), (362 bytes).
    Removing stm32l4xx_hal_uart.o(.ARM.exidx.text.UART_Start_Receive_IT), (8 bytes).
    Removing stm32l4xx_hal_uart.o(.text.HAL_UART_Transmit_DMA), (220 bytes).
    Removing stm32l4xx_hal_uart.o(.ARM.exidx.text.HAL_UART_Transmit_DMA), (8 bytes).
    Removing stm32l4xx_hal_uart.o(.text.UART_DMATransmitCplt), (176 bytes).
    Removing stm32l4xx_hal_uart.o(.ARM.exidx.text.UART_DMATransmitCplt), (8 bytes).
    Removing stm32l4xx_hal_uart.o(.text.UART_DMATxHalfCplt), (6 bytes).
    Removing stm32l4xx_hal_uart.o(.ARM.exidx.text.UART_DMATxHalfCplt), (8 bytes).
    Removing stm32l4xx_hal_uart.o(.text.UART_DMAError), (398 bytes).
    Removing stm32l4xx_hal_uart.o(.ARM.exidx.text.UART_DMAError), (8 bytes).
    Removing stm32l4xx_hal_uart.o(.text.HAL_UART_Receive_DMA), (482 bytes).
    Removing stm32l4xx_hal_uart.o(.ARM.exidx.text.HAL_UART_Receive_DMA), (8 bytes).
    Removing stm32l4xx_hal_uart.o(.text.UART_Start_Receive_DMA), (326 bytes).
    Removing stm32l4xx_hal_uart.o(.ARM.exidx.text.UART_Start_Receive_DMA), (8 bytes).
    Removing stm32l4xx_hal_uart.o(.text.HAL_UART_DMAPause), (342 bytes).
    Removing stm32l4xx_hal_uart.o(.ARM.exidx.text.HAL_UART_DMAPause), (8 bytes).
    Removing stm32l4xx_hal_uart.o(.text.HAL_UART_DMAResume), (330 bytes).
    Removing stm32l4xx_hal_uart.o(.ARM.exidx.text.HAL_UART_DMAResume), (8 bytes).
    Removing stm32l4xx_hal_uart.o(.text.HAL_UART_DMAStop), (580 bytes).
    Removing stm32l4xx_hal_uart.o(.ARM.exidx.text.HAL_UART_DMAStop), (8 bytes).
    Removing stm32l4xx_hal_uart.o(.text.HAL_UART_Abort), (506 bytes).
    Removing stm32l4xx_hal_uart.o(.ARM.exidx.text.HAL_UART_Abort), (8 bytes).
    Removing stm32l4xx_hal_uart.o(.text.HAL_UART_AbortTransmit), (212 bytes).
    Removing stm32l4xx_hal_uart.o(.ARM.exidx.text.HAL_UART_AbortTransmit), (8 bytes).
    Removing stm32l4xx_hal_uart.o(.text.HAL_UART_AbortReceive), (386 bytes).
    Removing stm32l4xx_hal_uart.o(.ARM.exidx.text.HAL_UART_AbortReceive), (8 bytes).
    Removing stm32l4xx_hal_uart.o(.text.HAL_UART_Abort_IT), (542 bytes).
    Removing stm32l4xx_hal_uart.o(.ARM.exidx.text.HAL_UART_Abort_IT), (8 bytes).
    Removing stm32l4xx_hal_uart.o(.text.UART_DMATxAbortCallback), (52 bytes).
    Removing stm32l4xx_hal_uart.o(.ARM.exidx.text.UART_DMATxAbortCallback), (8 bytes).
    Removing stm32l4xx_hal_uart.o(.text.UART_DMARxAbortCallback), (60 bytes).
    Removing stm32l4xx_hal_uart.o(.ARM.exidx.text.UART_DMARxAbortCallback), (8 bytes).
    Removing stm32l4xx_hal_uart.o(.text.HAL_UART_AbortCpltCallback), (2 bytes).
    Removing stm32l4xx_hal_uart.o(.ARM.exidx.text.HAL_UART_AbortCpltCallback), (8 bytes).
    Removing stm32l4xx_hal_uart.o(.text.HAL_UART_AbortTransmit_IT), (238 bytes).
    Removing stm32l4xx_hal_uart.o(.ARM.exidx.text.HAL_UART_AbortTransmit_IT), (8 bytes).
    Removing stm32l4xx_hal_uart.o(.text.UART_DMATxOnlyAbortCallback), (16 bytes).
    Removing stm32l4xx_hal_uart.o(.ARM.exidx.text.UART_DMATxOnlyAbortCallback), (8 bytes).
    Removing stm32l4xx_hal_uart.o(.text.HAL_UART_AbortTransmitCpltCallback), (2 bytes).
    Removing stm32l4xx_hal_uart.o(.ARM.exidx.text.HAL_UART_AbortTransmitCpltCallback), (8 bytes).
    Removing stm32l4xx_hal_uart.o(.text.HAL_UART_AbortReceive_IT), (420 bytes).
    Removing stm32l4xx_hal_uart.o(.ARM.exidx.text.HAL_UART_AbortReceive_IT), (8 bytes).
    Removing stm32l4xx_hal_uart.o(.text.UART_DMARxOnlyAbortCallback), (34 bytes).
    Removing stm32l4xx_hal_uart.o(.ARM.exidx.text.UART_DMARxOnlyAbortCallback), (8 bytes).
    Removing stm32l4xx_hal_uart.o(.text.HAL_UART_AbortReceiveCpltCallback), (2 bytes).
    Removing stm32l4xx_hal_uart.o(.ARM.exidx.text.HAL_UART_AbortReceiveCpltCallback), (8 bytes).
    Removing stm32l4xx_hal_uart.o(.text.HAL_UART_IRQHandler), (1542 bytes).
    Removing stm32l4xx_hal_uart.o(.ARM.exidx.text.HAL_UART_IRQHandler), (8 bytes).
    Removing stm32l4xx_hal_uart.o(.text.UART_DMAAbortOnError), (16 bytes).
    Removing stm32l4xx_hal_uart.o(.ARM.exidx.text.UART_DMAAbortOnError), (8 bytes).
    Removing stm32l4xx_hal_uart.o(.text.HAL_UART_ErrorCallback), (2 bytes).
    Removing stm32l4xx_hal_uart.o(.ARM.exidx.text.HAL_UART_ErrorCallback), (8 bytes).
    Removing stm32l4xx_hal_uart.o(.text.HAL_UARTEx_RxEventCallback), (2 bytes).
    Removing stm32l4xx_hal_uart.o(.ARM.exidx.text.HAL_UARTEx_RxEventCallback), (8 bytes).
    Removing stm32l4xx_hal_uart.o(.text.HAL_UART_TxCpltCallback), (2 bytes).
    Removing stm32l4xx_hal_uart.o(.ARM.exidx.text.HAL_UART_TxCpltCallback), (8 bytes).
    Removing stm32l4xx_hal_uart.o(.text.HAL_UART_TxHalfCpltCallback), (2 bytes).
    Removing stm32l4xx_hal_uart.o(.ARM.exidx.text.HAL_UART_TxHalfCpltCallback), (8 bytes).
    Removing stm32l4xx_hal_uart.o(.text.HAL_UART_RxCpltCallback), (2 bytes).
    Removing stm32l4xx_hal_uart.o(.ARM.exidx.text.HAL_UART_RxCpltCallback), (8 bytes).
    Removing stm32l4xx_hal_uart.o(.text.HAL_UART_RxHalfCpltCallback), (2 bytes).
    Removing stm32l4xx_hal_uart.o(.ARM.exidx.text.HAL_UART_RxHalfCpltCallback), (8 bytes).
    Removing stm32l4xx_hal_uart.o(.text.HAL_UART_ReceiverTimeout_Config), (28 bytes).
    Removing stm32l4xx_hal_uart.o(.ARM.exidx.text.HAL_UART_ReceiverTimeout_Config), (8 bytes).
    Removing stm32l4xx_hal_uart.o(.text.HAL_UART_EnableReceiverTimeout), (62 bytes).
    Removing stm32l4xx_hal_uart.o(.ARM.exidx.text.HAL_UART_EnableReceiverTimeout), (8 bytes).
    Removing stm32l4xx_hal_uart.o(.text.HAL_UART_DisableReceiverTimeout), (62 bytes).
    Removing stm32l4xx_hal_uart.o(.ARM.exidx.text.HAL_UART_DisableReceiverTimeout), (8 bytes).
    Removing stm32l4xx_hal_uart.o(.text.HAL_MultiProcessor_EnableMuteMode), (106 bytes).
    Removing stm32l4xx_hal_uart.o(.ARM.exidx.text.HAL_MultiProcessor_EnableMuteMode), (8 bytes).
    Removing stm32l4xx_hal_uart.o(.text.HAL_MultiProcessor_DisableMuteMode), (106 bytes).
    Removing stm32l4xx_hal_uart.o(.ARM.exidx.text.HAL_MultiProcessor_DisableMuteMode), (8 bytes).
    Removing stm32l4xx_hal_uart.o(.text.HAL_MultiProcessor_EnterMuteMode), (12 bytes).
    Removing stm32l4xx_hal_uart.o(.ARM.exidx.text.HAL_MultiProcessor_EnterMuteMode), (8 bytes).
    Removing stm32l4xx_hal_uart.o(.text.HAL_HalfDuplex_EnableTransmitter), (188 bytes).
    Removing stm32l4xx_hal_uart.o(.ARM.exidx.text.HAL_HalfDuplex_EnableTransmitter), (8 bytes).
    Removing stm32l4xx_hal_uart.o(.text.HAL_HalfDuplex_EnableReceiver), (188 bytes).
    Removing stm32l4xx_hal_uart.o(.ARM.exidx.text.HAL_HalfDuplex_EnableReceiver), (8 bytes).
    Removing stm32l4xx_hal_uart.o(.text.HAL_LIN_SendBreak), (40 bytes).
    Removing stm32l4xx_hal_uart.o(.ARM.exidx.text.HAL_LIN_SendBreak), (8 bytes).
    Removing stm32l4xx_hal_uart.o(.text.HAL_UART_GetState), (10 bytes).
    Removing stm32l4xx_hal_uart.o(.ARM.exidx.text.HAL_UART_GetState), (8 bytes).
    Removing stm32l4xx_hal_uart.o(.text.HAL_UART_GetError), (6 bytes).
    Removing stm32l4xx_hal_uart.o(.ARM.exidx.text.HAL_UART_GetError), (8 bytes).
    Removing stm32l4xx_hal_uart.o(.text.UART_RxISR_16BIT), (438 bytes).
    Removing stm32l4xx_hal_uart.o(.ARM.exidx.text.UART_RxISR_16BIT), (8 bytes).
    Removing stm32l4xx_hal_uart.o(.text.UART_RxISR_8BIT), (438 bytes).
    Removing stm32l4xx_hal_uart.o(.ARM.exidx.text.UART_RxISR_8BIT), (8 bytes).
    Removing stm32l4xx_hal_uart.o(.text.UART_DMAReceiveCplt), (356 bytes).
    Removing stm32l4xx_hal_uart.o(.ARM.exidx.text.UART_DMAReceiveCplt), (8 bytes).
    Removing stm32l4xx_hal_uart.o(.text.UART_DMARxHalfCplt), (26 bytes).
    Removing stm32l4xx_hal_uart.o(.ARM.exidx.text.UART_DMARxHalfCplt), (8 bytes).
    Removing stm32l4xx_hal_uart_ex.o(.text), (0 bytes).
    Removing stm32l4xx_hal_uart_ex.o(.text.HAL_RS485Ex_Init), (128 bytes).
    Removing stm32l4xx_hal_uart_ex.o(.ARM.exidx.text.HAL_RS485Ex_Init), (8 bytes).
    Removing stm32l4xx_hal_uart_ex.o(.text.HAL_UARTEx_WakeupCallback), (2 bytes).
    Removing stm32l4xx_hal_uart_ex.o(.ARM.exidx.text.HAL_UARTEx_WakeupCallback), (8 bytes).
    Removing stm32l4xx_hal_uart_ex.o(.text.HAL_UARTEx_EnableClockStopMode), (104 bytes).
    Removing stm32l4xx_hal_uart_ex.o(.ARM.exidx.text.HAL_UARTEx_EnableClockStopMode), (8 bytes).
    Removing stm32l4xx_hal_uart_ex.o(.text.HAL_UARTEx_DisableClockStopMode), (104 bytes).
    Removing stm32l4xx_hal_uart_ex.o(.ARM.exidx.text.HAL_UARTEx_DisableClockStopMode), (8 bytes).
    Removing stm32l4xx_hal_uart_ex.o(.text.HAL_MultiProcessorEx_AddressLength_Set), (44 bytes).
    Removing stm32l4xx_hal_uart_ex.o(.ARM.exidx.text.HAL_MultiProcessorEx_AddressLength_Set), (8 bytes).
    Removing stm32l4xx_hal_uart_ex.o(.text.HAL_UARTEx_StopModeWakeUpSourceConfig), (138 bytes).
    Removing stm32l4xx_hal_uart_ex.o(.ARM.exidx.text.HAL_UARTEx_StopModeWakeUpSourceConfig), (8 bytes).
    Removing stm32l4xx_hal_uart_ex.o(.text.HAL_UARTEx_EnableStopMode), (104 bytes).
    Removing stm32l4xx_hal_uart_ex.o(.ARM.exidx.text.HAL_UARTEx_EnableStopMode), (8 bytes).
    Removing stm32l4xx_hal_uart_ex.o(.text.HAL_UARTEx_DisableStopMode), (104 bytes).
    Removing stm32l4xx_hal_uart_ex.o(.ARM.exidx.text.HAL_UARTEx_DisableStopMode), (8 bytes).
    Removing stm32l4xx_hal_uart_ex.o(.text.HAL_UARTEx_ReceiveToIdle), (446 bytes).
    Removing stm32l4xx_hal_uart_ex.o(.ARM.exidx.text.HAL_UARTEx_ReceiveToIdle), (8 bytes).
    Removing stm32l4xx_hal_uart_ex.o(.text.HAL_UARTEx_ReceiveToIdle_IT), (166 bytes).
    Removing stm32l4xx_hal_uart_ex.o(.ARM.exidx.text.HAL_UARTEx_ReceiveToIdle_IT), (8 bytes).
    Removing stm32l4xx_hal_uart_ex.o(.text.HAL_UARTEx_ReceiveToIdle_DMA), (172 bytes).
    Removing stm32l4xx_hal_uart_ex.o(.ARM.exidx.text.HAL_UARTEx_ReceiveToIdle_DMA), (8 bytes).
    Removing stm32l4xx_hal_uart_ex.o(.text.HAL_UARTEx_GetRxEventType), (4 bytes).
    Removing stm32l4xx_hal_uart_ex.o(.ARM.exidx.text.HAL_UARTEx_GetRxEventType), (8 bytes).
    Removing system_stm32l4xx.o(.text), (0 bytes).
    Removing system_stm32l4xx.o(.ARM.exidx.text.SystemInit), (8 bytes).
    Removing system_stm32l4xx.o(.text.SystemCoreClockUpdate), (196 bytes).
    Removing system_stm32l4xx.o(.ARM.exidx.text.SystemCoreClockUpdate), (8 bytes).

718 unused section(s) (total 44540 bytes) removed from the image.

==============================================================================

Image Symbol Table

    Local Symbols

    Symbol Name                              Value     Ov Type        Size  Object(Section)

    ../clib/angel/boardlib.s                 0x00000000   Number         0  boardinit1.o ABSOLUTE
    ../clib/angel/boardlib.s                 0x00000000   Number         0  boardinit2.o ABSOLUTE
    ../clib/angel/boardlib.s                 0x00000000   Number         0  boardinit3.o ABSOLUTE
    ../clib/angel/boardlib.s                 0x00000000   Number         0  boardshut.o ABSOLUTE
    ../clib/angel/handlers.s                 0x00000000   Number         0  __scatter_copy.o ABSOLUTE
    ../clib/angel/handlers.s                 0x00000000   Number         0  __scatter_zi.o ABSOLUTE
    ../clib/angel/kernel.s                   0x00000000   Number         0  __rtentry.o ABSOLUTE
    ../clib/angel/kernel.s                   0x00000000   Number         0  __rtentry2.o ABSOLUTE
    ../clib/angel/kernel.s                   0x00000000   Number         0  __rtentry4.o ABSOLUTE
    ../clib/angel/kernel.s                   0x00000000   Number         0  rtexit.o ABSOLUTE
    ../clib/angel/kernel.s                   0x00000000   Number         0  rtexit2.o ABSOLUTE
    ../clib/angel/rt.s                       0x00000000   Number         0  aeabi_ldiv0.o ABSOLUTE
    ../clib/angel/rt.s                       0x00000000   Number         0  aeabi_ldiv0_sigfpe.o ABSOLUTE
    ../clib/angel/rt.s                       0x00000000   Number         0  rt_div0.o ABSOLUTE
    ../clib/angel/rt.s                       0x00000000   Number         0  rt_raise.o ABSOLUTE
    ../clib/angel/scatter.s                  0x00000000   Number         0  __scatter.o ABSOLUTE
    ../clib/angel/startup.s                  0x00000000   Number         0  __main.o ABSOLUTE
    ../clib/angel/sys.s                      0x00000000   Number         0  sys_stackheap_outer.o ABSOLUTE
    ../clib/angel/sys.s                      0x00000000   Number         0  libspace.o ABSOLUTE
    ../clib/angel/sys.s                      0x00000000   Number         0  use_no_semi.o ABSOLUTE
    ../clib/angel/sys.s                      0x00000000   Number         0  indicate_semi.o ABSOLUTE
    ../clib/angel/sysapp.c                   0x00000000   Number         0  sys_exit.o ABSOLUTE
    ../clib/angel/sysapp.c                   0x00000000   Number         0  sys_exit_hlt.o ABSOLUTE
    ../clib/angel/sysapp.c                   0x00000000   Number         0  sys_wrch.o ABSOLUTE
    ../clib/angel/sysapp.c                   0x00000000   Number         0  sys_wrch_hlt.o ABSOLUTE
    ../clib/angel/sysapp.c                   0x00000000   Number         0  sys_command.o ABSOLUTE
    ../clib/angel/sysapp.c                   0x00000000   Number         0  sys_command_hlt.o ABSOLUTE
    ../clib/armsys.c                         0x00000000   Number         0  argv_veneer.o ABSOLUTE
    ../clib/armsys.c                         0x00000000   Number         0  argv_veneer.o ABSOLUTE
    ../clib/armsys.c                         0x00000000   Number         0  _get_argv_nomalloc.o ABSOLUTE
    ../clib/armsys.c                         0x00000000   Number         0  no_argv.o ABSOLUTE
    ../clib/heapalloc.c                      0x00000000   Number         0  hrguard.o ABSOLUTE
    ../clib/heapaux.c                        0x00000000   Number         0  heapauxi.o ABSOLUTE
    ../clib/libinit.s                        0x00000000   Number         0  libinit.o ABSOLUTE
    ../clib/libinit.s                        0x00000000   Number         0  libinit2.o ABSOLUTE
    ../clib/libinit.s                        0x00000000   Number         0  libshutdown.o ABSOLUTE
    ../clib/libinit.s                        0x00000000   Number         0  libshutdown2.o ABSOLUTE
    ../clib/longlong.s                       0x00000000   Number         0  lludivv7m.o ABSOLUTE
    ../clib/memcpset.s                       0x00000000   Number         0  rt_memclr_w.o ABSOLUTE
    ../clib/signal.c                         0x00000000   Number         0  defsig_fpe_outer.o ABSOLUTE
    ../clib/signal.c                         0x00000000   Number         0  defsig_fpe_formal.o ABSOLUTE
    ../clib/signal.c                         0x00000000   Number         0  defsig_exit.o ABSOLUTE
    ../clib/signal.c                         0x00000000   Number         0  defsig_fpe_inner.o ABSOLUTE
    ../clib/signal.c                         0x00000000   Number         0  __raise.o ABSOLUTE
    ../clib/signal.c                         0x00000000   Number         0  defsig_general.o ABSOLUTE
    ../clib/signal.c                         0x00000000   Number         0  defsig_abrt_inner.o ABSOLUTE
    ../clib/signal.c                         0x00000000   Number         0  defsig_rtred_inner.o ABSOLUTE
    ../clib/signal.c                         0x00000000   Number         0  defsig_rtmem_inner.o ABSOLUTE
    ../clib/signal.c                         0x00000000   Number         0  defsig_rtmem_outer.o ABSOLUTE
    ../clib/signal.c                         0x00000000   Number         0  defsig_rtmem_formal.o ABSOLUTE
    ../clib/signal.c                         0x00000000   Number         0  defsig_stak_inner.o ABSOLUTE
    ../clib/signal.c                         0x00000000   Number         0  defsig_pvfn_inner.o ABSOLUTE
    ../clib/signal.c                         0x00000000   Number         0  defsig_cppl_inner.o ABSOLUTE
    ../clib/signal.c                         0x00000000   Number         0  defsig_segv_inner.o ABSOLUTE
    ../clib/signal.c                         0x00000000   Number         0  defsig_other.o ABSOLUTE
    ../clib/signal.s                         0x00000000   Number         0  defsig.o ABSOLUTE
    ../clib/stdlib.c                         0x00000000   Number         0  exit.o ABSOLUTE
    ../clib/string.c                         0x00000000   Number         0  strlen.o ABSOLUTE
    ../fplib/fpinit.s                        0x00000000   Number         0  fpinit.o ABSOLUTE
    dc.s                                     0x00000000   Number         0  dc.o ABSOLUTE
    main.c                                   0x00000000   Number         0  main.o ABSOLUTE
    startup_stm32l476xx.s                    0x00000000   Number         0  startup_stm32l476xx.o ABSOLUTE
    stm32l4xx_hal.c                          0x00000000   Number         0  stm32l4xx_hal.o ABSOLUTE
    stm32l4xx_hal_cortex.c                   0x00000000   Number         0  stm32l4xx_hal_cortex.o ABSOLUTE
    stm32l4xx_hal_dma.c                      0x00000000   Number         0  stm32l4xx_hal_dma.o ABSOLUTE
    stm32l4xx_hal_dma_ex.c                   0x00000000   Number         0  stm32l4xx_hal_dma_ex.o ABSOLUTE
    stm32l4xx_hal_exti.c                     0x00000000   Number         0  stm32l4xx_hal_exti.o ABSOLUTE
    stm32l4xx_hal_flash.c                    0x00000000   Number         0  stm32l4xx_hal_flash.o ABSOLUTE
    stm32l4xx_hal_flash_ex.c                 0x00000000   Number         0  stm32l4xx_hal_flash_ex.o ABSOLUTE
    stm32l4xx_hal_flash_ramfunc.c            0x00000000   Number         0  stm32l4xx_hal_flash_ramfunc.o ABSOLUTE
    stm32l4xx_hal_gpio.c                     0x00000000   Number         0  stm32l4xx_hal_gpio.o ABSOLUTE
    stm32l4xx_hal_i2c.c                      0x00000000   Number         0  stm32l4xx_hal_i2c.o ABSOLUTE
    stm32l4xx_hal_i2c_ex.c                   0x00000000   Number         0  stm32l4xx_hal_i2c_ex.o ABSOLUTE
    stm32l4xx_hal_msp.c                      0x00000000   Number         0  stm32l4xx_hal_msp.o ABSOLUTE
    stm32l4xx_hal_pwr.c                      0x00000000   Number         0  stm32l4xx_hal_pwr.o ABSOLUTE
    stm32l4xx_hal_pwr_ex.c                   0x00000000   Number         0  stm32l4xx_hal_pwr_ex.o ABSOLUTE
    stm32l4xx_hal_rcc.c                      0x00000000   Number         0  stm32l4xx_hal_rcc.o ABSOLUTE
    stm32l4xx_hal_rcc_ex.c                   0x00000000   Number         0  stm32l4xx_hal_rcc_ex.o ABSOLUTE
    stm32l4xx_hal_tim.c                      0x00000000   Number         0  stm32l4xx_hal_tim.o ABSOLUTE
    stm32l4xx_hal_tim_ex.c                   0x00000000   Number         0  stm32l4xx_hal_tim_ex.o ABSOLUTE
    stm32l4xx_hal_uart.c                     0x00000000   Number         0  stm32l4xx_hal_uart.o ABSOLUTE
    stm32l4xx_hal_uart_ex.c                  0x00000000   Number         0  stm32l4xx_hal_uart_ex.o ABSOLUTE
    stm32l4xx_it.c                           0x00000000   Number         0  stm32l4xx_it.o ABSOLUTE
    system_stm32l4xx.c                       0x00000000   Number         0  system_stm32l4xx.o ABSOLUTE
    RESET                                    0x08000000   Section      392  startup_stm32l476xx.o(RESET)
    !!!main                                  0x08000188   Section        8  __main.o(!!!main)
    !!!scatter                               0x08000190   Section       52  __scatter.o(!!!scatter)
    !!handler_copy                           0x080001c4   Section       26  __scatter_copy.o(!!handler_copy)
    !!handler_zi                             0x080001e0   Section       28  __scatter_zi.o(!!handler_zi)
    .ARM.Collect$$libinit$$00000000          0x080001fc   Section        2  libinit.o(.ARM.Collect$$libinit$$00000000)
    .ARM.Collect$$libinit$$00000001          0x080001fe   Section        4  libinit2.o(.ARM.Collect$$libinit$$00000001)
    .ARM.Collect$$libinit$$00000004          0x08000202   Section        0  libinit2.o(.ARM.Collect$$libinit$$00000004)
    .ARM.Collect$$libinit$$00000006          0x08000202   Section        0  libinit2.o(.ARM.Collect$$libinit$$00000006)
    .ARM.Collect$$libinit$$0000000C          0x08000202   Section        0  libinit2.o(.ARM.Collect$$libinit$$0000000C)
    .ARM.Collect$$libinit$$0000000E          0x08000202   Section        0  libinit2.o(.ARM.Collect$$libinit$$0000000E)
    .ARM.Collect$$libinit$$00000010          0x08000202   Section        0  libinit2.o(.ARM.Collect$$libinit$$00000010)
    .ARM.Collect$$libinit$$00000013          0x08000202   Section        0  libinit2.o(.ARM.Collect$$libinit$$00000013)
    .ARM.Collect$$libinit$$00000015          0x08000202   Section        0  libinit2.o(.ARM.Collect$$libinit$$00000015)
    .ARM.Collect$$libinit$$00000017          0x08000202   Section        0  libinit2.o(.ARM.Collect$$libinit$$00000017)
    .ARM.Collect$$libinit$$00000019          0x08000202   Section        0  libinit2.o(.ARM.Collect$$libinit$$00000019)
    .ARM.Collect$$libinit$$0000001B          0x08000202   Section        0  libinit2.o(.ARM.Collect$$libinit$$0000001B)
    .ARM.Collect$$libinit$$0000001D          0x08000202   Section        0  libinit2.o(.ARM.Collect$$libinit$$0000001D)
    .ARM.Collect$$libinit$$0000001F          0x08000202   Section        0  libinit2.o(.ARM.Collect$$libinit$$0000001F)
    .ARM.Collect$$libinit$$00000021          0x08000202   Section        0  libinit2.o(.ARM.Collect$$libinit$$00000021)
    .ARM.Collect$$libinit$$00000023          0x08000202   Section        0  libinit2.o(.ARM.Collect$$libinit$$00000023)
    .ARM.Collect$$libinit$$00000025          0x08000202   Section        0  libinit2.o(.ARM.Collect$$libinit$$00000025)
    .ARM.Collect$$libinit$$00000027          0x08000202   Section        0  libinit2.o(.ARM.Collect$$libinit$$00000027)
    .ARM.Collect$$libinit$$0000002E          0x08000202   Section        0  libinit2.o(.ARM.Collect$$libinit$$0000002E)
    .ARM.Collect$$libinit$$00000030          0x08000202   Section        0  libinit2.o(.ARM.Collect$$libinit$$00000030)
    .ARM.Collect$$libinit$$00000032          0x08000202   Section        0  libinit2.o(.ARM.Collect$$libinit$$00000032)
    .ARM.Collect$$libinit$$00000034          0x08000202   Section        0  libinit2.o(.ARM.Collect$$libinit$$00000034)
    .ARM.Collect$$libinit$$00000035          0x08000202   Section        2  libinit2.o(.ARM.Collect$$libinit$$00000035)
    .ARM.Collect$$libshutdown$$00000000      0x08000204   Section        2  libshutdown.o(.ARM.Collect$$libshutdown$$00000000)
    .ARM.Collect$$libshutdown$$00000002      0x08000206   Section        0  libshutdown2.o(.ARM.Collect$$libshutdown$$00000002)
    .ARM.Collect$$libshutdown$$00000004      0x08000206   Section        0  libshutdown2.o(.ARM.Collect$$libshutdown$$00000004)
    .ARM.Collect$$libshutdown$$00000007      0x08000206   Section        0  libshutdown2.o(.ARM.Collect$$libshutdown$$00000007)
    .ARM.Collect$$libshutdown$$0000000A      0x08000206   Section        0  libshutdown2.o(.ARM.Collect$$libshutdown$$0000000A)
    .ARM.Collect$$libshutdown$$0000000C      0x08000206   Section        0  libshutdown2.o(.ARM.Collect$$libshutdown$$0000000C)
    .ARM.Collect$$libshutdown$$0000000F      0x08000206   Section        0  libshutdown2.o(.ARM.Collect$$libshutdown$$0000000F)
    .ARM.Collect$$libshutdown$$00000010      0x08000206   Section        2  libshutdown2.o(.ARM.Collect$$libshutdown$$00000010)
    .ARM.Collect$$rtentry$$00000000          0x08000208   Section        0  __rtentry.o(.ARM.Collect$$rtentry$$00000000)
    .ARM.Collect$$rtentry$$00000002          0x08000208   Section        0  __rtentry2.o(.ARM.Collect$$rtentry$$00000002)
    .ARM.Collect$$rtentry$$00000004          0x08000208   Section        6  __rtentry4.o(.ARM.Collect$$rtentry$$00000004)
    .ARM.Collect$$rtentry$$00000009          0x0800020e   Section        0  __rtentry2.o(.ARM.Collect$$rtentry$$00000009)
    .ARM.Collect$$rtentry$$0000000A          0x0800020e   Section        4  __rtentry2.o(.ARM.Collect$$rtentry$$0000000A)
    .ARM.Collect$$rtentry$$0000000C          0x08000212   Section        0  __rtentry2.o(.ARM.Collect$$rtentry$$0000000C)
    .ARM.Collect$$rtentry$$0000000D          0x08000212   Section        8  __rtentry2.o(.ARM.Collect$$rtentry$$0000000D)
    .ARM.Collect$$rtexit$$00000000           0x0800021a   Section        2  rtexit.o(.ARM.Collect$$rtexit$$00000000)
    .ARM.Collect$$rtexit$$00000002           0x0800021c   Section        0  rtexit2.o(.ARM.Collect$$rtexit$$00000002)
    .ARM.Collect$$rtexit$$00000003           0x0800021c   Section        4  rtexit2.o(.ARM.Collect$$rtexit$$00000003)
    .ARM.Collect$$rtexit$$00000004           0x08000220   Section        6  rtexit2.o(.ARM.Collect$$rtexit$$00000004)
    $v0                                      0x08000228   Number         0  startup_stm32l476xx.o(.text)
    .text                                    0x08000228   Section       64  startup_stm32l476xx.o(.text)
    .text                                    0x08000268   Section      240  lludivv7m.o(.text)
    .text                                    0x08000358   Section        0  strlen.o(.text)
    .text                                    0x08000396   Section       78  rt_memclr_w.o(.text)
    .text                                    0x080003e4   Section        0  heapauxi.o(.text)
    .text                                    0x080003ea   Section       74  sys_stackheap_outer.o(.text)
    .text                                    0x08000434   Section        0  exit.o(.text)
    .text                                    0x08000448   Section        8  libspace.o(.text)
    .text                                    0x08000450   Section        0  sys_exit.o(.text)
    .text                                    0x0800045c   Section        2  use_no_semi.o(.text)
    .text                                    0x0800045e   Section        0  indicate_semi.o(.text)
    [Anonymous Symbol]                       0x08000460   Section        0  stm32l4xx_it.o(.text.BusFault_Handler)
    [Anonymous Symbol]                       0x08000464   Section        0  stm32l4xx_it.o(.text.DebugMon_Handler)
    [Anonymous Symbol]                       0x08000468   Section        0  main.o(.text.Error_Handler)
    [Anonymous Symbol]                       0x08000474   Section        0  stm32l4xx_hal.o(.text.HAL_Delay)
    [Anonymous Symbol]                       0x0800049c   Section        0  stm32l4xx_hal_gpio.o(.text.HAL_GPIO_Init)
    [Anonymous Symbol]                       0x080006ac   Section        0  stm32l4xx_hal.o(.text.HAL_GetTick)
    [Anonymous Symbol]                       0x080006b8   Section        0  stm32l4xx_hal_i2c_ex.o(.text.HAL_I2CEx_ConfigAnalogFilter)
    [Anonymous Symbol]                       0x08000704   Section        0  stm32l4xx_hal_i2c_ex.o(.text.HAL_I2CEx_ConfigDigitalFilter)
    [Anonymous Symbol]                       0x0800074c   Section        0  stm32l4xx_hal_i2c.o(.text.HAL_I2C_Init)
    [Anonymous Symbol]                       0x080007fc   Section        0  stm32l4xx_hal_msp.o(.text.HAL_I2C_MspInit)
    [Anonymous Symbol]                       0x08000884   Section        0  stm32l4xx_hal.o(.text.HAL_IncTick)
    [Anonymous Symbol]                       0x080008a0   Section        0  stm32l4xx_hal.o(.text.HAL_Init)
    [Anonymous Symbol]                       0x080008c0   Section        0  stm32l4xx_hal.o(.text.HAL_InitTick)
    [Anonymous Symbol]                       0x0800090c   Section        0  stm32l4xx_hal_msp.o(.text.HAL_MspInit)
    [Anonymous Symbol]                       0x08000940   Section        0  stm32l4xx_hal_cortex.o(.text.HAL_NVIC_SetPriority)
    [Anonymous Symbol]                       0x08000998   Section        0  stm32l4xx_hal_cortex.o(.text.HAL_NVIC_SetPriorityGrouping)
    [Anonymous Symbol]                       0x080009b8   Section        0  stm32l4xx_hal_pwr_ex.o(.text.HAL_PWREx_ControlVoltageScaling)
    [Anonymous Symbol]                       0x08000a44   Section        0  stm32l4xx_hal_pwr_ex.o(.text.HAL_PWREx_GetVoltageRange)
    [Anonymous Symbol]                       0x08000a54   Section        0  stm32l4xx_hal_rcc_ex.o(.text.HAL_RCCEx_PeriphCLKConfig)
    [Anonymous Symbol]                       0x08000e38   Section        0  stm32l4xx_hal_rcc.o(.text.HAL_RCC_ClockConfig)
    [Anonymous Symbol]                       0x080010b4   Section        0  stm32l4xx_hal_rcc.o(.text.HAL_RCC_GetPCLK1Freq)
    [Anonymous Symbol]                       0x080010e0   Section        0  stm32l4xx_hal_rcc.o(.text.HAL_RCC_GetPCLK2Freq)
    [Anonymous Symbol]                       0x0800110c   Section        0  stm32l4xx_hal_rcc.o(.text.HAL_RCC_GetSysClockFreq)
    [Anonymous Symbol]                       0x080011d0   Section        0  stm32l4xx_hal_rcc.o(.text.HAL_RCC_OscConfig)
    [Anonymous Symbol]                       0x08001944   Section        0  stm32l4xx_hal_cortex.o(.text.HAL_SYSTICK_Config)
    [Anonymous Symbol]                       0x08001970   Section        0  stm32l4xx_hal_uart.o(.text.HAL_UART_Init)
    [Anonymous Symbol]                       0x080019d0   Section        0  stm32l4xx_hal_msp.o(.text.HAL_UART_MspInit)
    [Anonymous Symbol]                       0x08001a50   Section        0  stm32l4xx_hal_uart.o(.text.HAL_UART_Transmit)
    [Anonymous Symbol]                       0x08001b10   Section        0  stm32l4xx_it.o(.text.HardFault_Handler)
    [Anonymous Symbol]                       0x08001b14   Section        0  stm32l4xx_it.o(.text.MemManage_Handler)
    [Anonymous Symbol]                       0x08001b18   Section        0  stm32l4xx_it.o(.text.NMI_Handler)
    [Anonymous Symbol]                       0x08001b1c   Section        0  stm32l4xx_it.o(.text.PendSV_Handler)
    RCCEx_PLLSAI1_Config                     0x08001b21   Thumb Code   366  stm32l4xx_hal_rcc_ex.o(.text.RCCEx_PLLSAI1_Config)
    [Anonymous Symbol]                       0x08001b20   Section        0  stm32l4xx_hal_rcc_ex.o(.text.RCCEx_PLLSAI1_Config)
    RCCEx_PLLSAI2_Config                     0x08001c91   Thumb Code   326  stm32l4xx_hal_rcc_ex.o(.text.RCCEx_PLLSAI2_Config)
    [Anonymous Symbol]                       0x08001c90   Section        0  stm32l4xx_hal_rcc_ex.o(.text.RCCEx_PLLSAI2_Config)
    [Anonymous Symbol]                       0x08001dd8   Section        0  stm32l4xx_it.o(.text.SVC_Handler)
    [Anonymous Symbol]                       0x08001ddc   Section        0  stm32l4xx_it.o(.text.SysTick_Handler)
    [Anonymous Symbol]                       0x08001de0   Section        0  system_stm32l4xx.o(.text.SystemInit)
    [Anonymous Symbol]                       0x08001df4   Section        0  stm32l4xx_hal_uart.o(.text.UART_AdvFeatureConfig)
    [Anonymous Symbol]                       0x08001edc   Section        0  stm32l4xx_hal_uart.o(.text.UART_CheckIdleState)
    [Anonymous Symbol]                       0x08002044   Section        0  stm32l4xx_hal_uart.o(.text.UART_SetConfig)
    [Anonymous Symbol]                       0x080022ac   Section        0  stm32l4xx_hal_uart.o(.text.UART_WaitOnFlagUntilTimeout)
    [Anonymous Symbol]                       0x08002578   Section        0  stm32l4xx_it.o(.text.UsageFault_Handler)
    [Anonymous Symbol]                       0x0800257c   Section        0  main.o(.text.main)
    $v0                                      0x0800270c   Number         0  fpinit.o(x$fpl$fpinit)
    x$fpl$fpinit                             0x0800270c   Section       26  fpinit.o(x$fpl$fpinit)
    .Lswitch.table.UART_SetConfig.5          0x08002770   Data          16  stm32l4xx_hal_uart.o(.rodata.cst16)
    .L.str                                   0x08002780   Data           3  main.o(.rodata.str1.1)
    [Anonymous Symbol]                       0x08002780   Section        0  main.o(.rodata.str1.1)
    .L_MergedGlobals                         0x20000000   Data           8  stm32l4xx_hal.o(.data..L_MergedGlobals)
    [Anonymous Symbol]                       0x20000000   Section        0  stm32l4xx_hal.o(.data..L_MergedGlobals)
    .bss                                     0x20000010   Section       96  libspace.o(.bss)
    Heap_Mem                                 0x20000150   Data         512  startup_stm32l476xx.o(HEAP)
    HEAP                                     0x20000150   Section      512  startup_stm32l476xx.o(HEAP)
    Stack_Mem                                0x20000350   Data        1024  startup_stm32l476xx.o(STACK)
    STACK                                    0x20000350   Section     1024  startup_stm32l476xx.o(STACK)
    __initial_sp                             0x20000750   Data           0  startup_stm32l476xx.o(STACK)

    Global Symbols

    Symbol Name                              Value     Ov Type        Size  Object(Section)

    BuildAttributes$$THM_ISAv4$E$P$D$K$B$S$7EM$VFPi3$EXTD16$VFPS$VFMA$PE$A:L22UL41UL21$X:L11$S22US41US21$IEEE1$IW$~IW$USESV6$~STKCKD$USESV7$~SHL$OTIME$ROPI$EBA8$UX$STANDARDLIB$REQ8$PRES8$EABIv2 0x00000000   Number         0  anon$$obj.o ABSOLUTE
    __ARM_exceptions_init                     - Undefined Weak Reference
    __alloca_initialize                       - Undefined Weak Reference
    __arm_preinit_                            - Undefined Weak Reference
    __arm_relocate_pie_                       - Undefined Weak Reference
    __cpp_initialize__aeabi_                  - Undefined Weak Reference
    __cxa_finalize                            - Undefined Weak Reference
    __rt_locale                               - Undefined Weak Reference
    __sigvec_lookup                           - Undefined Weak Reference
    _atexit_init                              - Undefined Weak Reference
    _call_atexit_fns                          - Undefined Weak Reference
    _clock_init                               - Undefined Weak Reference
    _fp_trap_init                             - Undefined Weak Reference
    _fp_trap_shutdown                         - Undefined Weak Reference
    _get_lc_collate                           - Undefined Weak Reference
    _get_lc_ctype                             - Undefined Weak Reference
    _get_lc_monetary                          - Undefined Weak Reference
    _get_lc_numeric                           - Undefined Weak Reference
    _get_lc_time                              - Undefined Weak Reference
    _getenv_init                              - Undefined Weak Reference
    _handle_redirection                       - Undefined Weak Reference
    _init_alloc                               - Undefined Weak Reference
    _init_user_alloc                          - Undefined Weak Reference
    _initio                                   - Undefined Weak Reference
    _rand_init                                - Undefined Weak Reference
    _signal_finish                            - Undefined Weak Reference
    _signal_init                              - Undefined Weak Reference
    _terminate_alloc                          - Undefined Weak Reference
    _terminate_user_alloc                     - Undefined Weak Reference
    _terminateio                              - Undefined Weak Reference
    __Vectors_Size                           0x00000188   Number         0  startup_stm32l476xx.o ABSOLUTE
    __Vectors                                0x08000000   Data           4  startup_stm32l476xx.o(RESET)
    __Vectors_End                            0x08000188   Data           0  startup_stm32l476xx.o(RESET)
    __main                                   0x08000189   Thumb Code     8  __main.o(!!!main)
    __scatterload                            0x08000191   Thumb Code     0  __scatter.o(!!!scatter)
    __scatterload_rt2                        0x08000191   Thumb Code    44  __scatter.o(!!!scatter)
    __scatterload_rt2_thumb_only             0x08000191   Thumb Code     0  __scatter.o(!!!scatter)
    __scatterload_null                       0x0800019f   Thumb Code     0  __scatter.o(!!!scatter)
    __scatterload_copy                       0x080001c5   Thumb Code    26  __scatter_copy.o(!!handler_copy)
    __scatterload_zeroinit                   0x080001e1   Thumb Code    28  __scatter_zi.o(!!handler_zi)
    __rt_lib_init                            0x080001fd   Thumb Code     0  libinit.o(.ARM.Collect$$libinit$$00000000)
    __rt_lib_init_fp_1                       0x080001ff   Thumb Code     0  libinit2.o(.ARM.Collect$$libinit$$00000001)
    __rt_lib_init_alloca_1                   0x08000203   Thumb Code     0  libinit2.o(.ARM.Collect$$libinit$$00000030)
    __rt_lib_init_argv_1                     0x08000203   Thumb Code     0  libinit2.o(.ARM.Collect$$libinit$$0000002E)
    __rt_lib_init_atexit_1                   0x08000203   Thumb Code     0  libinit2.o(.ARM.Collect$$libinit$$0000001D)
    __rt_lib_init_clock_1                    0x08000203   Thumb Code     0  libinit2.o(.ARM.Collect$$libinit$$00000023)
    __rt_lib_init_cpp_1                      0x08000203   Thumb Code     0  libinit2.o(.ARM.Collect$$libinit$$00000034)
    __rt_lib_init_exceptions_1               0x08000203   Thumb Code     0  libinit2.o(.ARM.Collect$$libinit$$00000032)
    __rt_lib_init_fp_trap_1                  0x08000203   Thumb Code     0  libinit2.o(.ARM.Collect$$libinit$$00000021)
    __rt_lib_init_getenv_1                   0x08000203   Thumb Code     0  libinit2.o(.ARM.Collect$$libinit$$00000025)
    __rt_lib_init_heap_1                     0x08000203   Thumb Code     0  libinit2.o(.ARM.Collect$$libinit$$0000000C)
    __rt_lib_init_lc_collate_1               0x08000203   Thumb Code     0  libinit2.o(.ARM.Collect$$libinit$$00000013)
    __rt_lib_init_lc_ctype_1                 0x08000203   Thumb Code     0  libinit2.o(.ARM.Collect$$libinit$$00000015)
    __rt_lib_init_lc_monetary_1              0x08000203   Thumb Code     0  libinit2.o(.ARM.Collect$$libinit$$00000017)
    __rt_lib_init_lc_numeric_1               0x08000203   Thumb Code     0  libinit2.o(.ARM.Collect$$libinit$$00000019)
    __rt_lib_init_lc_time_1                  0x08000203   Thumb Code     0  libinit2.o(.ARM.Collect$$libinit$$0000001B)
    __rt_lib_init_preinit_1                  0x08000203   Thumb Code     0  libinit2.o(.ARM.Collect$$libinit$$00000006)
    __rt_lib_init_rand_1                     0x08000203   Thumb Code     0  libinit2.o(.ARM.Collect$$libinit$$00000010)
    __rt_lib_init_relocate_pie_1             0x08000203   Thumb Code     0  libinit2.o(.ARM.Collect$$libinit$$00000004)
    __rt_lib_init_return                     0x08000203   Thumb Code     0  libinit2.o(.ARM.Collect$$libinit$$00000035)
    __rt_lib_init_signal_1                   0x08000203   Thumb Code     0  libinit2.o(.ARM.Collect$$libinit$$0000001F)
    __rt_lib_init_stdio_1                    0x08000203   Thumb Code     0  libinit2.o(.ARM.Collect$$libinit$$00000027)
    __rt_lib_init_user_alloc_1               0x08000203   Thumb Code     0  libinit2.o(.ARM.Collect$$libinit$$0000000E)
    __rt_lib_shutdown                        0x08000205   Thumb Code     0  libshutdown.o(.ARM.Collect$$libshutdown$$00000000)
    __rt_lib_shutdown_cpp_1                  0x08000207   Thumb Code     0  libshutdown2.o(.ARM.Collect$$libshutdown$$00000002)
    __rt_lib_shutdown_fp_trap_1              0x08000207   Thumb Code     0  libshutdown2.o(.ARM.Collect$$libshutdown$$00000007)
    __rt_lib_shutdown_heap_1                 0x08000207   Thumb Code     0  libshutdown2.o(.ARM.Collect$$libshutdown$$0000000F)
    __rt_lib_shutdown_return                 0x08000207   Thumb Code     0  libshutdown2.o(.ARM.Collect$$libshutdown$$00000010)
    __rt_lib_shutdown_signal_1               0x08000207   Thumb Code     0  libshutdown2.o(.ARM.Collect$$libshutdown$$0000000A)
    __rt_lib_shutdown_stdio_1                0x08000207   Thumb Code     0  libshutdown2.o(.ARM.Collect$$libshutdown$$00000004)
    __rt_lib_shutdown_user_alloc_1           0x08000207   Thumb Code     0  libshutdown2.o(.ARM.Collect$$libshutdown$$0000000C)
    __rt_entry                               0x08000209   Thumb Code     0  __rtentry.o(.ARM.Collect$$rtentry$$00000000)
    __rt_entry_presh_1                       0x08000209   Thumb Code     0  __rtentry2.o(.ARM.Collect$$rtentry$$00000002)
    __rt_entry_sh                            0x08000209   Thumb Code     0  __rtentry4.o(.ARM.Collect$$rtentry$$00000004)
    __rt_entry_li                            0x0800020f   Thumb Code     0  __rtentry2.o(.ARM.Collect$$rtentry$$0000000A)
    __rt_entry_postsh_1                      0x0800020f   Thumb Code     0  __rtentry2.o(.ARM.Collect$$rtentry$$00000009)
    __rt_entry_main                          0x08000213   Thumb Code     0  __rtentry2.o(.ARM.Collect$$rtentry$$0000000D)
    __rt_entry_postli_1                      0x08000213   Thumb Code     0  __rtentry2.o(.ARM.Collect$$rtentry$$0000000C)
    __rt_exit                                0x0800021b   Thumb Code     0  rtexit.o(.ARM.Collect$$rtexit$$00000000)
    __rt_exit_ls                             0x0800021d   Thumb Code     0  rtexit2.o(.ARM.Collect$$rtexit$$00000003)
    __rt_exit_prels_1                        0x0800021d   Thumb Code     0  rtexit2.o(.ARM.Collect$$rtexit$$00000002)
    __rt_exit_exit                           0x08000221   Thumb Code     0  rtexit2.o(.ARM.Collect$$rtexit$$00000004)
    Reset_Handler                            0x08000229   Thumb Code     8  startup_stm32l476xx.o(.text)
    ADC1_2_IRQHandler                        0x08000243   Thumb Code     0  startup_stm32l476xx.o(.text)
    ADC3_IRQHandler                          0x08000243   Thumb Code     0  startup_stm32l476xx.o(.text)
    CAN1_RX0_IRQHandler                      0x08000243   Thumb Code     0  startup_stm32l476xx.o(.text)
    CAN1_RX1_IRQHandler                      0x08000243   Thumb Code     0  startup_stm32l476xx.o(.text)
    CAN1_SCE_IRQHandler                      0x08000243   Thumb Code     0  startup_stm32l476xx.o(.text)
    CAN1_TX_IRQHandler                       0x08000243   Thumb Code     0  startup_stm32l476xx.o(.text)
    COMP_IRQHandler                          0x08000243   Thumb Code     0  startup_stm32l476xx.o(.text)
    DFSDM1_FLT0_IRQHandler                   0x08000243   Thumb Code     0  startup_stm32l476xx.o(.text)
    DFSDM1_FLT1_IRQHandler                   0x08000243   Thumb Code     0  startup_stm32l476xx.o(.text)
    DFSDM1_FLT2_IRQHandler                   0x08000243   Thumb Code     0  startup_stm32l476xx.o(.text)
    DFSDM1_FLT3_IRQHandler                   0x08000243   Thumb Code     0  startup_stm32l476xx.o(.text)
    DMA1_Channel1_IRQHandler                 0x08000243   Thumb Code     0  startup_stm32l476xx.o(.text)
    DMA1_Channel2_IRQHandler                 0x08000243   Thumb Code     0  startup_stm32l476xx.o(.text)
    DMA1_Channel3_IRQHandler                 0x08000243   Thumb Code     0  startup_stm32l476xx.o(.text)
    DMA1_Channel4_IRQHandler                 0x08000243   Thumb Code     0  startup_stm32l476xx.o(.text)
    DMA1_Channel5_IRQHandler                 0x08000243   Thumb Code     0  startup_stm32l476xx.o(.text)
    DMA1_Channel6_IRQHandler                 0x08000243   Thumb Code     0  startup_stm32l476xx.o(.text)
    DMA1_Channel7_IRQHandler                 0x08000243   Thumb Code     0  startup_stm32l476xx.o(.text)
    DMA2_Channel1_IRQHandler                 0x08000243   Thumb Code     0  startup_stm32l476xx.o(.text)
    DMA2_Channel2_IRQHandler                 0x08000243   Thumb Code     0  startup_stm32l476xx.o(.text)
    DMA2_Channel3_IRQHandler                 0x08000243   Thumb Code     0  startup_stm32l476xx.o(.text)
    DMA2_Channel4_IRQHandler                 0x08000243   Thumb Code     0  startup_stm32l476xx.o(.text)
    DMA2_Channel5_IRQHandler                 0x08000243   Thumb Code     0  startup_stm32l476xx.o(.text)
    DMA2_Channel6_IRQHandler                 0x08000243   Thumb Code     0  startup_stm32l476xx.o(.text)
    DMA2_Channel7_IRQHandler                 0x08000243   Thumb Code     0  startup_stm32l476xx.o(.text)
    EXTI0_IRQHandler                         0x08000243   Thumb Code     0  startup_stm32l476xx.o(.text)
    EXTI15_10_IRQHandler                     0x08000243   Thumb Code     0  startup_stm32l476xx.o(.text)
    EXTI1_IRQHandler                         0x08000243   Thumb Code     0  startup_stm32l476xx.o(.text)
    EXTI2_IRQHandler                         0x08000243   Thumb Code     0  startup_stm32l476xx.o(.text)
    EXTI3_IRQHandler                         0x08000243   Thumb Code     0  startup_stm32l476xx.o(.text)
    EXTI4_IRQHandler                         0x08000243   Thumb Code     0  startup_stm32l476xx.o(.text)
    EXTI9_5_IRQHandler                       0x08000243   Thumb Code     0  startup_stm32l476xx.o(.text)
    FLASH_IRQHandler                         0x08000243   Thumb Code     0  startup_stm32l476xx.o(.text)
    FMC_IRQHandler                           0x08000243   Thumb Code     0  startup_stm32l476xx.o(.text)
    FPU_IRQHandler                           0x08000243   Thumb Code     0  startup_stm32l476xx.o(.text)
    I2C1_ER_IRQHandler                       0x08000243   Thumb Code     0  startup_stm32l476xx.o(.text)
    I2C1_EV_IRQHandler                       0x08000243   Thumb Code     0  startup_stm32l476xx.o(.text)
    I2C2_ER_IRQHandler                       0x08000243   Thumb Code     0  startup_stm32l476xx.o(.text)
    I2C2_EV_IRQHandler                       0x08000243   Thumb Code     0  startup_stm32l476xx.o(.text)
    I2C3_ER_IRQHandler                       0x08000243   Thumb Code     0  startup_stm32l476xx.o(.text)
    I2C3_EV_IRQHandler                       0x08000243   Thumb Code     0  startup_stm32l476xx.o(.text)
    LCD_IRQHandler                           0x08000243   Thumb Code     0  startup_stm32l476xx.o(.text)
    LPTIM1_IRQHandler                        0x08000243   Thumb Code     0  startup_stm32l476xx.o(.text)
    LPTIM2_IRQHandler                        0x08000243   Thumb Code     0  startup_stm32l476xx.o(.text)
    LPUART1_IRQHandler                       0x08000243   Thumb Code     0  startup_stm32l476xx.o(.text)
    OTG_FS_IRQHandler                        0x08000243   Thumb Code     0  startup_stm32l476xx.o(.text)
    PVD_PVM_IRQHandler                       0x08000243   Thumb Code     0  startup_stm32l476xx.o(.text)
    QUADSPI_IRQHandler                       0x08000243   Thumb Code     0  startup_stm32l476xx.o(.text)
    RCC_IRQHandler                           0x08000243   Thumb Code     0  startup_stm32l476xx.o(.text)
    RNG_IRQHandler                           0x08000243   Thumb Code     0  startup_stm32l476xx.o(.text)
    RTC_Alarm_IRQHandler                     0x08000243   Thumb Code     0  startup_stm32l476xx.o(.text)
    RTC_WKUP_IRQHandler                      0x08000243   Thumb Code     0  startup_stm32l476xx.o(.text)
    SAI1_IRQHandler                          0x08000243   Thumb Code     0  startup_stm32l476xx.o(.text)
    SAI2_IRQHandler                          0x08000243   Thumb Code     0  startup_stm32l476xx.o(.text)
    SDMMC1_IRQHandler                        0x08000243   Thumb Code     0  startup_stm32l476xx.o(.text)
    SPI1_IRQHandler                          0x08000243   Thumb Code     0  startup_stm32l476xx.o(.text)
    SPI2_IRQHandler                          0x08000243   Thumb Code     0  startup_stm32l476xx.o(.text)
    SPI3_IRQHandler                          0x08000243   Thumb Code     0  startup_stm32l476xx.o(.text)
    SWPMI1_IRQHandler                        0x08000243   Thumb Code     0  startup_stm32l476xx.o(.text)
    TAMP_STAMP_IRQHandler                    0x08000243   Thumb Code     0  startup_stm32l476xx.o(.text)
    TIM1_BRK_TIM15_IRQHandler                0x08000243   Thumb Code     0  startup_stm32l476xx.o(.text)
    TIM1_CC_IRQHandler                       0x08000243   Thumb Code     0  startup_stm32l476xx.o(.text)
    TIM1_TRG_COM_TIM17_IRQHandler            0x08000243   Thumb Code     0  startup_stm32l476xx.o(.text)
    TIM1_UP_TIM16_IRQHandler                 0x08000243   Thumb Code     0  startup_stm32l476xx.o(.text)
    TIM2_IRQHandler                          0x08000243   Thumb Code     0  startup_stm32l476xx.o(.text)
    TIM3_IRQHandler                          0x08000243   Thumb Code     0  startup_stm32l476xx.o(.text)
    TIM4_IRQHandler                          0x08000243   Thumb Code     0  startup_stm32l476xx.o(.text)
    TIM5_IRQHandler                          0x08000243   Thumb Code     0  startup_stm32l476xx.o(.text)
    TIM6_DAC_IRQHandler                      0x08000243   Thumb Code     0  startup_stm32l476xx.o(.text)
    TIM7_IRQHandler                          0x08000243   Thumb Code     0  startup_stm32l476xx.o(.text)
    TIM8_BRK_IRQHandler                      0x08000243   Thumb Code     0  startup_stm32l476xx.o(.text)
    TIM8_CC_IRQHandler                       0x08000243   Thumb Code     0  startup_stm32l476xx.o(.text)
    TIM8_TRG_COM_IRQHandler                  0x08000243   Thumb Code     0  startup_stm32l476xx.o(.text)
    TIM8_UP_IRQHandler                       0x08000243   Thumb Code     0  startup_stm32l476xx.o(.text)
    TSC_IRQHandler                           0x08000243   Thumb Code     0  startup_stm32l476xx.o(.text)
    UART4_IRQHandler                         0x08000243   Thumb Code     0  startup_stm32l476xx.o(.text)
    UART5_IRQHandler                         0x08000243   Thumb Code     0  startup_stm32l476xx.o(.text)
    USART1_IRQHandler                        0x08000243   Thumb Code     0  startup_stm32l476xx.o(.text)
    USART2_IRQHandler                        0x08000243   Thumb Code     0  startup_stm32l476xx.o(.text)
    USART3_IRQHandler                        0x08000243   Thumb Code     0  startup_stm32l476xx.o(.text)
    WWDG_IRQHandler                          0x08000243   Thumb Code     0  startup_stm32l476xx.o(.text)
    __user_initial_stackheap                 0x08000245   Thumb Code     0  startup_stm32l476xx.o(.text)
    __aeabi_uldivmod                         0x08000269   Thumb Code     0  lludivv7m.o(.text)
    _ll_udiv                                 0x08000269   Thumb Code   240  lludivv7m.o(.text)
    strlen                                   0x08000359   Thumb Code    62  strlen.o(.text)
    __aeabi_memclr4                          0x08000397   Thumb Code     0  rt_memclr_w.o(.text)
    __aeabi_memclr8                          0x08000397   Thumb Code     0  rt_memclr_w.o(.text)
    __rt_memclr_w                            0x08000397   Thumb Code     0  rt_memclr_w.o(.text)
    _memset_w                                0x0800039b   Thumb Code    74  rt_memclr_w.o(.text)
    __use_two_region_memory                  0x080003e5   Thumb Code     2  heapauxi.o(.text)
    __rt_heap_escrow$2region                 0x080003e7   Thumb Code     2  heapauxi.o(.text)
    __rt_heap_expand$2region                 0x080003e9   Thumb Code     2  heapauxi.o(.text)
    __user_setup_stackheap                   0x080003eb   Thumb Code    74  sys_stackheap_outer.o(.text)
    exit                                     0x08000435   Thumb Code    18  exit.o(.text)
    __user_libspace                          0x08000449   Thumb Code     8  libspace.o(.text)
    __user_perproc_libspace                  0x08000449   Thumb Code     0  libspace.o(.text)
    __user_perthread_libspace                0x08000449   Thumb Code     0  libspace.o(.text)
    _sys_exit                                0x08000451   Thumb Code     8  sys_exit.o(.text)
    __I$use$semihosting                      0x0800045d   Thumb Code     0  use_no_semi.o(.text)
    __use_no_semihosting_swi                 0x0800045d   Thumb Code     2  use_no_semi.o(.text)
    __semihosting_library_function           0x0800045f   Thumb Code     0  indicate_semi.o(.text)
    BusFault_Handler                         0x08000461   Thumb Code     2  stm32l4xx_it.o(.text.BusFault_Handler)
    DebugMon_Handler                         0x08000465   Thumb Code     2  stm32l4xx_it.o(.text.DebugMon_Handler)
    Error_Handler                            0x08000469   Thumb Code    10  main.o(.text.Error_Handler)
    HAL_Delay                                0x08000475   Thumb Code    40  stm32l4xx_hal.o(.text.HAL_Delay)
    HAL_GPIO_Init                            0x0800049d   Thumb Code   522  stm32l4xx_hal_gpio.o(.text.HAL_GPIO_Init)
    HAL_GetTick                              0x080006ad   Thumb Code    12  stm32l4xx_hal.o(.text.HAL_GetTick)
    HAL_I2CEx_ConfigAnalogFilter             0x080006b9   Thumb Code    74  stm32l4xx_hal_i2c_ex.o(.text.HAL_I2CEx_ConfigAnalogFilter)
    HAL_I2CEx_ConfigDigitalFilter            0x08000705   Thumb Code    72  stm32l4xx_hal_i2c_ex.o(.text.HAL_I2CEx_ConfigDigitalFilter)
    HAL_I2C_Init                             0x0800074d   Thumb Code   174  stm32l4xx_hal_i2c.o(.text.HAL_I2C_Init)
    HAL_I2C_MspInit                          0x080007fd   Thumb Code   136  stm32l4xx_hal_msp.o(.text.HAL_I2C_MspInit)
    HAL_IncTick                              0x08000885   Thumb Code    26  stm32l4xx_hal.o(.text.HAL_IncTick)
    HAL_Init                                 0x080008a1   Thumb Code    30  stm32l4xx_hal.o(.text.HAL_Init)
    HAL_InitTick                             0x080008c1   Thumb Code    76  stm32l4xx_hal.o(.text.HAL_InitTick)
    HAL_MspInit                              0x0800090d   Thumb Code    50  stm32l4xx_hal_msp.o(.text.HAL_MspInit)
    HAL_NVIC_SetPriority                     0x08000941   Thumb Code    86  stm32l4xx_hal_cortex.o(.text.HAL_NVIC_SetPriority)
    HAL_NVIC_SetPriorityGrouping             0x08000999   Thumb Code    32  stm32l4xx_hal_cortex.o(.text.HAL_NVIC_SetPriorityGrouping)
    HAL_PWREx_ControlVoltageScaling          0x080009b9   Thumb Code   140  stm32l4xx_hal_pwr_ex.o(.text.HAL_PWREx_ControlVoltageScaling)
    HAL_PWREx_GetVoltageRange                0x08000a45   Thumb Code    16  stm32l4xx_hal_pwr_ex.o(.text.HAL_PWREx_GetVoltageRange)
    HAL_RCCEx_PeriphCLKConfig                0x08000a55   Thumb Code   996  stm32l4xx_hal_rcc_ex.o(.text.HAL_RCCEx_PeriphCLKConfig)
    HAL_RCC_ClockConfig                      0x08000e39   Thumb Code   634  stm32l4xx_hal_rcc.o(.text.HAL_RCC_ClockConfig)
    HAL_RCC_GetPCLK1Freq                     0x080010b5   Thumb Code    42  stm32l4xx_hal_rcc.o(.text.HAL_RCC_GetPCLK1Freq)
    HAL_RCC_GetPCLK2Freq                     0x080010e1   Thumb Code    42  stm32l4xx_hal_rcc.o(.text.HAL_RCC_GetPCLK2Freq)
    HAL_RCC_GetSysClockFreq                  0x0800110d   Thumb Code   194  stm32l4xx_hal_rcc.o(.text.HAL_RCC_GetSysClockFreq)
    HAL_RCC_OscConfig                        0x080011d1   Thumb Code  1908  stm32l4xx_hal_rcc.o(.text.HAL_RCC_OscConfig)
    HAL_SYSTICK_Config                       0x08001945   Thumb Code    44  stm32l4xx_hal_cortex.o(.text.HAL_SYSTICK_Config)
    HAL_UART_Init                            0x08001971   Thumb Code    96  stm32l4xx_hal_uart.o(.text.HAL_UART_Init)
    HAL_UART_MspInit                         0x080019d1   Thumb Code   128  stm32l4xx_hal_msp.o(.text.HAL_UART_MspInit)
    HAL_UART_Transmit                        0x08001a51   Thumb Code   192  stm32l4xx_hal_uart.o(.text.HAL_UART_Transmit)
    HardFault_Handler                        0x08001b11   Thumb Code     2  stm32l4xx_it.o(.text.HardFault_Handler)
    MemManage_Handler                        0x08001b15   Thumb Code     2  stm32l4xx_it.o(.text.MemManage_Handler)
    NMI_Handler                              0x08001b19   Thumb Code     2  stm32l4xx_it.o(.text.NMI_Handler)
    PendSV_Handler                           0x08001b1d   Thumb Code     2  stm32l4xx_it.o(.text.PendSV_Handler)
    SVC_Handler                              0x08001dd9   Thumb Code     2  stm32l4xx_it.o(.text.SVC_Handler)
    SysTick_Handler                          0x08001ddd   Thumb Code     4  stm32l4xx_it.o(.text.SysTick_Handler)
    SystemInit                               0x08001de1   Thumb Code    18  system_stm32l4xx.o(.text.SystemInit)
    UART_AdvFeatureConfig                    0x08001df5   Thumb Code   232  stm32l4xx_hal_uart.o(.text.UART_AdvFeatureConfig)
    UART_CheckIdleState                      0x08001edd   Thumb Code   360  stm32l4xx_hal_uart.o(.text.UART_CheckIdleState)
    UART_SetConfig                           0x08002045   Thumb Code   600  stm32l4xx_hal_uart.o(.text.UART_SetConfig)
    UART_WaitOnFlagUntilTimeout              0x080022ad   Thumb Code   714  stm32l4xx_hal_uart.o(.text.UART_WaitOnFlagUntilTimeout)
    UsageFault_Handler                       0x08002579   Thumb Code     2  stm32l4xx_it.o(.text.UsageFault_Handler)
    main                                     0x0800257d   Thumb Code   400  main.o(.text.main)
    _fp_init                                 0x0800270d   Thumb Code    26  fpinit.o(x$fpl$fpinit)
    __fplib_config_fpu_vfp                   0x08002725   Thumb Code     0  fpinit.o(x$fpl$fpinit)
    __fplib_config_pureend_doubles           0x08002725   Thumb Code     0  fpinit.o(x$fpl$fpinit)
    AHBPrescTable                            0x08002726   Data          16  system_stm32l4xx.o(.rodata.AHBPrescTable)
    APBPrescTable                            0x08002736   Data           8  system_stm32l4xx.o(.rodata.APBPrescTable)
    MSIRangeTable                            0x08002740   Data          48  system_stm32l4xx.o(.rodata.MSIRangeTable)
    Region$$Table$$Base                      0x08002784   Number         0  anon$$obj.o(Region$$Table)
    Region$$Table$$Limit                     0x080027a4   Number         0  anon$$obj.o(Region$$Table)
    uwTickFreq                               0x20000000   Data           1  stm32l4xx_hal.o(.data..L_MergedGlobals)
    uwTickPrio                               0x20000004   Data           4  stm32l4xx_hal.o(.data..L_MergedGlobals)
    SystemCoreClock                          0x20000008   Data           4  system_stm32l4xx.o(.data.SystemCoreClock)
    __libspace_start                         0x20000010   Data          96  libspace.o(.bss)
    __temporary_stack_top$libspace           0x20000070   Data           0  libspace.o(.bss)
    hi2c1                                    0x20000070   Data          84  main.o(.bss.hi2c1)
    huart4                                   0x200000c4   Data         136  main.o(.bss.huart4)
    uwTick                                   0x2000014c   Data           4  stm32l4xx_hal.o(.bss.uwTick)



==============================================================================

Memory Map of the image

  Image Entry point : 0x08000189

  Load Region LR_IROM1 (Base: 0x08000000, Size: 0x000027b8, Max: 0x00100000, ABSOLUTE)

    Execution Region ER_IROM1 (Exec base: 0x08000000, Load base: 0x08000000, Size: 0x000027a4, Max: 0x00100000, ABSOLUTE)

    Exec Addr    Load Addr    Size         Type   Attr      Idx    E Section Name        Object

    0x08000000   0x08000000   0x00000188   Data   RO            3    RESET               startup_stm32l476xx.o
    0x08000188   0x08000188   0x00000008   Code   RO          928  * !!!main             c_w.l(__main.o)
    0x08000190   0x08000190   0x00000034   Code   RO         1103    !!!scatter          c_w.l(__scatter.o)
    0x080001c4   0x080001c4   0x0000001a   Code   RO         1105    !!handler_copy      c_w.l(__scatter_copy.o)
    0x080001de   0x080001de   0x00000002   PAD
    0x080001e0   0x080001e0   0x0000001c   Code   RO         1107    !!handler_zi        c_w.l(__scatter_zi.o)
    0x080001fc   0x080001fc   0x00000002   Code   RO          965    .ARM.Collect$$libinit$$00000000  c_w.l(libinit.o)
    0x080001fe   0x080001fe   0x00000004   Code   RO          977    .ARM.Collect$$libinit$$00000001  c_w.l(libinit2.o)
    0x08000202   0x08000202   0x00000000   Code   RO          980    .ARM.Collect$$libinit$$00000004  c_w.l(libinit2.o)
    0x08000202   0x08000202   0x00000000   Code   RO          982    .ARM.Collect$$libinit$$00000006  c_w.l(libinit2.o)
    0x08000202   0x08000202   0x00000000   Code   RO          985    .ARM.Collect$$libinit$$0000000C  c_w.l(libinit2.o)
    0x08000202   0x08000202   0x00000000   Code   RO          987    .ARM.Collect$$libinit$$0000000E  c_w.l(libinit2.o)
    0x08000202   0x08000202   0x00000000   Code   RO          989    .ARM.Collect$$libinit$$00000010  c_w.l(libinit2.o)
    0x08000202   0x08000202   0x00000000   Code   RO          992    .ARM.Collect$$libinit$$00000013  c_w.l(libinit2.o)
    0x08000202   0x08000202   0x00000000   Code   RO          994    .ARM.Collect$$libinit$$00000015  c_w.l(libinit2.o)
    0x08000202   0x08000202   0x00000000   Code   RO          996    .ARM.Collect$$libinit$$00000017  c_w.l(libinit2.o)
    0x08000202   0x08000202   0x00000000   Code   RO          998    .ARM.Collect$$libinit$$00000019  c_w.l(libinit2.o)
    0x08000202   0x08000202   0x00000000   Code   RO         1000    .ARM.Collect$$libinit$$0000001B  c_w.l(libinit2.o)
    0x08000202   0x08000202   0x00000000   Code   RO         1002    .ARM.Collect$$libinit$$0000001D  c_w.l(libinit2.o)
    0x08000202   0x08000202   0x00000000   Code   RO         1004    .ARM.Collect$$libinit$$0000001F  c_w.l(libinit2.o)
    0x08000202   0x08000202   0x00000000   Code   RO         1006    .ARM.Collect$$libinit$$00000021  c_w.l(libinit2.o)
    0x08000202   0x08000202   0x00000000   Code   RO         1008    .ARM.Collect$$libinit$$00000023  c_w.l(libinit2.o)
    0x08000202   0x08000202   0x00000000   Code   RO         1010    .ARM.Collect$$libinit$$00000025  c_w.l(libinit2.o)
    0x08000202   0x08000202   0x00000000   Code   RO         1012    .ARM.Collect$$libinit$$00000027  c_w.l(libinit2.o)
    0x08000202   0x08000202   0x00000000   Code   RO         1016    .ARM.Collect$$libinit$$0000002E  c_w.l(libinit2.o)
    0x08000202   0x08000202   0x00000000   Code   RO         1018    .ARM.Collect$$libinit$$00000030  c_w.l(libinit2.o)
    0x08000202   0x08000202   0x00000000   Code   RO         1020    .ARM.Collect$$libinit$$00000032  c_w.l(libinit2.o)
    0x08000202   0x08000202   0x00000000   Code   RO         1022    .ARM.Collect$$libinit$$00000034  c_w.l(libinit2.o)
    0x08000202   0x08000202   0x00000002   Code   RO         1023    .ARM.Collect$$libinit$$00000035  c_w.l(libinit2.o)
    0x08000204   0x08000204   0x00000002   Code   RO         1058    .ARM.Collect$$libshutdown$$00000000  c_w.l(libshutdown.o)
    0x08000206   0x08000206   0x00000000   Code   RO         1086    .ARM.Collect$$libshutdown$$00000002  c_w.l(libshutdown2.o)
    0x08000206   0x08000206   0x00000000   Code   RO         1088    .ARM.Collect$$libshutdown$$00000004  c_w.l(libshutdown2.o)
    0x08000206   0x08000206   0x00000000   Code   RO         1091    .ARM.Collect$$libshutdown$$00000007  c_w.l(libshutdown2.o)
    0x08000206   0x08000206   0x00000000   Code   RO         1094    .ARM.Collect$$libshutdown$$0000000A  c_w.l(libshutdown2.o)
    0x08000206   0x08000206   0x00000000   Code   RO         1096    .ARM.Collect$$libshutdown$$0000000C  c_w.l(libshutdown2.o)
    0x08000206   0x08000206   0x00000000   Code   RO         1099    .ARM.Collect$$libshutdown$$0000000F  c_w.l(libshutdown2.o)
    0x08000206   0x08000206   0x00000002   Code   RO         1100    .ARM.Collect$$libshutdown$$00000010  c_w.l(libshutdown2.o)
    0x08000208   0x08000208   0x00000000   Code   RO          930    .ARM.Collect$$rtentry$$00000000  c_w.l(__rtentry.o)
    0x08000208   0x08000208   0x00000000   Code   RO          936    .ARM.Collect$$rtentry$$00000002  c_w.l(__rtentry2.o)
    0x08000208   0x08000208   0x00000006   Code   RO          948    .ARM.Collect$$rtentry$$00000004  c_w.l(__rtentry4.o)
    0x0800020e   0x0800020e   0x00000000   Code   RO          938    .ARM.Collect$$rtentry$$00000009  c_w.l(__rtentry2.o)
    0x0800020e   0x0800020e   0x00000004   Code   RO          939    .ARM.Collect$$rtentry$$0000000A  c_w.l(__rtentry2.o)
    0x08000212   0x08000212   0x00000000   Code   RO          941    .ARM.Collect$$rtentry$$0000000C  c_w.l(__rtentry2.o)
    0x08000212   0x08000212   0x00000008   Code   RO          942    .ARM.Collect$$rtentry$$0000000D  c_w.l(__rtentry2.o)
    0x0800021a   0x0800021a   0x00000002   Code   RO          969    .ARM.Collect$$rtexit$$00000000  c_w.l(rtexit.o)
    0x0800021c   0x0800021c   0x00000000   Code   RO         1029    .ARM.Collect$$rtexit$$00000002  c_w.l(rtexit2.o)
    0x0800021c   0x0800021c   0x00000004   Code   RO         1030    .ARM.Collect$$rtexit$$00000003  c_w.l(rtexit2.o)
    0x08000220   0x08000220   0x00000006   Code   RO         1031    .ARM.Collect$$rtexit$$00000004  c_w.l(rtexit2.o)
    0x08000226   0x08000226   0x00000002   PAD
    0x08000228   0x08000228   0x00000040   Code   RO            4    .text               startup_stm32l476xx.o
    0x08000268   0x08000268   0x000000f0   Code   RO          920    .text               c_w.l(lludivv7m.o)
    0x08000358   0x08000358   0x0000003e   Code   RO          922    .text               c_w.l(strlen.o)
    0x08000396   0x08000396   0x0000004e   Code   RO          924    .text               c_w.l(rt_memclr_w.o)
    0x080003e4   0x080003e4   0x00000006   Code   RO          926    .text               c_w.l(heapauxi.o)
    0x080003ea   0x080003ea   0x0000004a   Code   RO          952    .text               c_w.l(sys_stackheap_outer.o)
    0x08000434   0x08000434   0x00000012   Code   RO          954    .text               c_w.l(exit.o)
    0x08000446   0x08000446   0x00000002   PAD
    0x08000448   0x08000448   0x00000008   Code   RO          966    .text               c_w.l(libspace.o)
    0x08000450   0x08000450   0x0000000c   Code   RO         1024    .text               c_w.l(sys_exit.o)
    0x0800045c   0x0800045c   0x00000002   Code   RO         1047    .text               c_w.l(use_no_semi.o)
    0x0800045e   0x0800045e   0x00000000   Code   RO         1049    .text               c_w.l(indicate_semi.o)
    0x0800045e   0x0800045e   0x00000002   PAD
    0x08000460   0x08000460   0x00000002   Code   RO           36    .text.BusFault_Handler  stm32l4xx_it.o
    0x08000462   0x08000462   0x00000002   PAD
    0x08000464   0x08000464   0x00000002   Code   RO           42    .text.DebugMon_Handler  stm32l4xx_it.o
    0x08000466   0x08000466   0x00000002   PAD
    0x08000468   0x08000468   0x0000000a   Code   RO           17    .text.Error_Handler  main.o
    0x08000472   0x08000472   0x00000002   PAD
    0x08000474   0x08000474   0x00000028   Code   RO          265    .text.HAL_Delay     stm32l4xx_hal.o
    0x0800049c   0x0800049c   0x00000210   Code   RO          475    .text.HAL_GPIO_Init  stm32l4xx_hal_gpio.o
    0x080006ac   0x080006ac   0x0000000c   Code   RO          257    .text.HAL_GetTick   stm32l4xx_hal.o
    0x080006b8   0x080006b8   0x0000004a   Code   RO          225    .text.HAL_I2CEx_ConfigAnalogFilter  stm32l4xx_hal_i2c_ex.o
    0x08000702   0x08000702   0x00000002   PAD
    0x08000704   0x08000704   0x00000048   Code   RO          227    .text.HAL_I2CEx_ConfigDigitalFilter  stm32l4xx_hal_i2c_ex.o
    0x0800074c   0x0800074c   0x000000ae   Code   RO           73    .text.HAL_I2C_Init  stm32l4xx_hal_i2c.o
    0x080007fa   0x080007fa   0x00000002   PAD
    0x080007fc   0x080007fc   0x00000088   Code   RO           57    .text.HAL_I2C_MspInit  stm32l4xx_hal_msp.o
    0x08000884   0x08000884   0x0000001a   Code   RO          255    .text.HAL_IncTick   stm32l4xx_hal.o
    0x0800089e   0x0800089e   0x00000002   PAD
    0x080008a0   0x080008a0   0x0000001e   Code   RO          245    .text.HAL_Init      stm32l4xx_hal.o
    0x080008be   0x080008be   0x00000002   PAD
    0x080008c0   0x080008c0   0x0000004c   Code   RO          247    .text.HAL_InitTick  stm32l4xx_hal.o
    0x0800090c   0x0800090c   0x00000032   Code   RO           55    .text.HAL_MspInit   stm32l4xx_hal_msp.o
    0x0800093e   0x0800093e   0x00000002   PAD
    0x08000940   0x08000940   0x00000056   Code   RO          664    .text.HAL_NVIC_SetPriority  stm32l4xx_hal_cortex.o
    0x08000996   0x08000996   0x00000002   PAD
    0x08000998   0x08000998   0x00000020   Code   RO          662    .text.HAL_NVIC_SetPriorityGrouping  stm32l4xx_hal_cortex.o
    0x080009b8   0x080009b8   0x0000008c   Code   RO          574    .text.HAL_PWREx_ControlVoltageScaling  stm32l4xx_hal_pwr_ex.o
    0x08000a44   0x08000a44   0x00000010   Code   RO          572    .text.HAL_PWREx_GetVoltageRange  stm32l4xx_hal_pwr_ex.o
    0x08000a54   0x08000a54   0x000003e4   Code   RO          361    .text.HAL_RCCEx_PeriphCLKConfig  stm32l4xx_hal_rcc_ex.o
    0x08000e38   0x08000e38   0x0000027a   Code   RO          331    .text.HAL_RCC_ClockConfig  stm32l4xx_hal_rcc.o
    0x080010b2   0x080010b2   0x00000002   PAD
    0x080010b4   0x080010b4   0x0000002a   Code   RO          337    .text.HAL_RCC_GetPCLK1Freq  stm32l4xx_hal_rcc.o
    0x080010de   0x080010de   0x00000002   PAD
    0x080010e0   0x080010e0   0x0000002a   Code   RO          339    .text.HAL_RCC_GetPCLK2Freq  stm32l4xx_hal_rcc.o
    0x0800110a   0x0800110a   0x00000002   PAD
    0x0800110c   0x0800110c   0x000000c2   Code   RO          329    .text.HAL_RCC_GetSysClockFreq  stm32l4xx_hal_rcc.o
    0x080011ce   0x080011ce   0x00000002   PAD
    0x080011d0   0x080011d0   0x00000774   Code   RO          327    .text.HAL_RCC_OscConfig  stm32l4xx_hal_rcc.o
    0x08001944   0x08001944   0x0000002c   Code   RO          674    .text.HAL_SYSTICK_Config  stm32l4xx_hal_cortex.o
    0x08001970   0x08001970   0x00000060   Code   RO          736    .text.HAL_UART_Init  stm32l4xx_hal_uart.o
    0x080019d0   0x080019d0   0x00000080   Code   RO           61    .text.HAL_UART_MspInit  stm32l4xx_hal_msp.o
    0x08001a50   0x08001a50   0x000000c0   Code   RO          756    .text.HAL_UART_Transmit  stm32l4xx_hal_uart.o
    0x08001b10   0x08001b10   0x00000002   Code   RO           32    .text.HardFault_Handler  stm32l4xx_it.o
    0x08001b12   0x08001b12   0x00000002   PAD
    0x08001b14   0x08001b14   0x00000002   Code   RO           34    .text.MemManage_Handler  stm32l4xx_it.o
    0x08001b16   0x08001b16   0x00000002   PAD
    0x08001b18   0x08001b18   0x00000002   Code   RO           30    .text.NMI_Handler   stm32l4xx_it.o
    0x08001b1a   0x08001b1a   0x00000002   PAD
    0x08001b1c   0x08001b1c   0x00000002   Code   RO           44    .text.PendSV_Handler  stm32l4xx_it.o
    0x08001b1e   0x08001b1e   0x00000002   PAD
    0x08001b20   0x08001b20   0x0000016e   Code   RO          363    .text.RCCEx_PLLSAI1_Config  stm32l4xx_hal_rcc_ex.o
    0x08001c8e   0x08001c8e   0x00000002   PAD
    0x08001c90   0x08001c90   0x00000146   Code   RO          365    .text.RCCEx_PLLSAI2_Config  stm32l4xx_hal_rcc_ex.o
    0x08001dd6   0x08001dd6   0x00000002   PAD
    0x08001dd8   0x08001dd8   0x00000002   Code   RO           40    .text.SVC_Handler   stm32l4xx_it.o
    0x08001dda   0x08001dda   0x00000002   PAD
    0x08001ddc   0x08001ddc   0x00000004   Code   RO           46    .text.SysTick_Handler  stm32l4xx_it.o
    0x08001de0   0x08001de0   0x00000012   Code   RO          903    .text.SystemInit    system_stm32l4xx.o
    0x08001df2   0x08001df2   0x00000002   PAD
    0x08001df4   0x08001df4   0x000000e8   Code   RO          740    .text.UART_AdvFeatureConfig  stm32l4xx_hal_uart.o
    0x08001edc   0x08001edc   0x00000168   Code   RO          744    .text.UART_CheckIdleState  stm32l4xx_hal_uart.o
    0x08002044   0x08002044   0x00000268   Code   RO          742    .text.UART_SetConfig  stm32l4xx_hal_uart.o
    0x080022ac   0x080022ac   0x000002ca   Code   RO          758    .text.UART_WaitOnFlagUntilTimeout  stm32l4xx_hal_uart.o
    0x08002576   0x08002576   0x00000002   PAD
    0x08002578   0x08002578   0x00000002   Code   RO           38    .text.UsageFault_Handler  stm32l4xx_it.o
    0x0800257a   0x0800257a   0x00000002   PAD
    0x0800257c   0x0800257c   0x00000190   Code   RO           13    .text.main          main.o
    0x0800270c   0x0800270c   0x0000001a   Code   RO         1041    x$fpl$fpinit        fz_wm.l(fpinit.o)
    0x08002726   0x08002726   0x00000010   Data   RO          908    .rodata.AHBPrescTable  system_stm32l4xx.o
    0x08002736   0x08002736   0x00000008   Data   RO          909    .rodata.APBPrescTable  system_stm32l4xx.o
    0x0800273e   0x0800273e   0x00000002   PAD
    0x08002740   0x08002740   0x00000030   Data   RO          910    .rodata.MSIRangeTable  system_stm32l4xx.o
    0x08002770   0x08002770   0x00000010   Data   RO          862    .rodata.cst16       stm32l4xx_hal_uart.o
    0x08002780   0x08002780   0x00000003   Data   RO           20    .rodata.str1.1      main.o
    0x08002783   0x08002783   0x00000001   PAD
    0x08002784   0x08002784   0x00000020   Data   RO         1102    Region$$Table       anon$$obj.o


    Execution Region RW_IRAM2 (Exec base: 0x10000000, Load base: 0x080027b8, Size: 0x00000000, Max: 0x00008000, ABSOLUTE)

    **** No section assigned to this execution region ****


    Execution Region RW_IRAM1 (Exec base: 0x20000000, Load base: 0x080027a8, Size: 0x00000750, Max: 0x00018000, ABSOLUTE)

    Exec Addr    Load Addr    Size         Type   Attr      Idx    E Section Name        Object

    0x20000000   0x080027a8   0x00000008   Data   RW          316    .data..L_MergedGlobals  stm32l4xx_hal.o
    0x20000008   0x080027b0   0x00000004   Data   RW          907    .data.SystemCoreClock  system_stm32l4xx.o
    0x2000000c   0x080027b4   0x00000004   PAD
    0x20000010        -       0x00000060   Zero   RW          967    .bss                c_w.l(libspace.o)
    0x20000070        -       0x00000054   Zero   RW           21    .bss.hi2c1          main.o
    0x200000c4        -       0x00000088   Zero   RW           19    .bss.huart4         main.o
    0x2000014c        -       0x00000004   Zero   RW          315    .bss.uwTick         stm32l4xx_hal.o
    0x20000150        -       0x00000200   Zero   RW            2    HEAP                startup_stm32l476xx.o
    0x20000350        -       0x00000400   Zero   RW            1    STACK               startup_stm32l476xx.o


==============================================================================

Image component sizes


      Code (inc. data)   RO Data    RW Data    ZI Data      Debug   Object Name

       410          0          3          0        220       7797   main.o
        64         26        392          0       1536        832   startup_stm32l476xx.o
       184          0          0          8          4       8823   stm32l4xx_hal.o
       162          0          0          0          0      10474   stm32l4xx_hal_cortex.o
       528          0          0          0          0       5561   stm32l4xx_hal_gpio.o
       174          0          0          0          0      54420   stm32l4xx_hal_i2c.o
       146          0          0          0          0       6056   stm32l4xx_hal_i2c_ex.o
       314          0          0          0          0       8438   stm32l4xx_hal_msp.o
       156          0          0          0          0      10058   stm32l4xx_hal_pwr_ex.o
      2820          0          0          0          0      12020   stm32l4xx_hal_rcc.o
      1688          8          0          0          0      14243   stm32l4xx_hal_rcc_ex.o
      2210         48         16          0          0      35010   stm32l4xx_hal_uart.o
        20          0          0          0          0       1140   stm32l4xx_it.o
        18          0         72          4          0       2938   system_stm32l4xx.o

    ----------------------------------------------------------------------
      8940         82        518         12       1764     177810   Object Totals
         0          0         32          0          0          0   (incl. Generated)
        46          0          3          0          4          0   (incl. Padding)

    ----------------------------------------------------------------------

      Code (inc. data)   RO Data    RW Data    ZI Data      Debug   Library Member Name

         8          0          0          0          0         68   __main.o
         0          0          0          0          0          0   __rtentry.o
        12          0          0          0          0          0   __rtentry2.o
         6          0          0          0          0          0   __rtentry4.o
        52          8          0          0          0          0   __scatter.o
        26          0          0          0          0          0   __scatter_copy.o
        28          0          0          0          0          0   __scatter_zi.o
        18          0          0          0          0         80   exit.o
         6          0          0          0          0        152   heapauxi.o
         0          0          0          0          0          0   indicate_semi.o
         2          0          0          0          0          0   libinit.o
         6          0          0          0          0          0   libinit2.o
         2          0          0          0          0          0   libshutdown.o
         2          0          0          0          0          0   libshutdown2.o
         8          4          0          0         96         68   libspace.o
       240          0          0          0          0        100   lludivv7m.o
        78          0          0          0          0         80   rt_memclr_w.o
         2          0          0          0          0          0   rtexit.o
        10          0          0          0          0          0   rtexit2.o
        62          0          0          0          0         76   strlen.o
        12          4          0          0          0         68   sys_exit.o
        74          0          0          0          0         80   sys_stackheap_outer.o
         2          0          0          0          0         68   use_no_semi.o
        26          0          0          0          0        116   fpinit.o

    ----------------------------------------------------------------------
       690         16          0          0         96        956   Library Totals
         8          0          0          0          0          0   (incl. Padding)

    ----------------------------------------------------------------------

      Code (inc. data)   RO Data    RW Data    ZI Data      Debug   Library Name

       656         16          0          0         96        840   c_w.l
        26          0          0          0          0        116   fz_wm.l

    ----------------------------------------------------------------------
       690         16          0          0         96        956   Library Totals

    ----------------------------------------------------------------------

==============================================================================


      Code (inc. data)   RO Data    RW Data    ZI Data      Debug   

      9630         98        518         12       1860     178214   Grand Totals
      9630         98        518         12       1860     178214   ELF Image Totals
      9630         98        518         12          0          0   ROM Totals

==============================================================================

    Total RO  Size (Code + RO Data)                10148 (   9.91kB)
    Total RW  Size (RW Data + ZI Data)              1872 (   1.83kB)
    Total ROM Size (Code + RO Data + RW Data)      10160 (   9.92kB)

==============================================================================

